Archive member included to satisfy reference by file (symbol)

/home/jakub/STM32Cube/Repository/STM32Cube_FW_G0_V1.6.2/Middlewares/ST/STM32_USBPD_Library/Core/lib/USBPDCORE_PD3_FULL_CM0PLUS_wc32.a(usbpd_cad.o)
                              ./USBPD/Target/usbpd_dpm_user.o (USBPD_CAD_EnterErrorRecovery)
/home/jakub/STM32Cube/Repository/STM32Cube_FW_G0_V1.6.2/Middlewares/ST/STM32_USBPD_Library/Core/lib/USBPDCORE_PD3_FULL_CM0PLUS_wc32.a(usbpd_pe.o)
                              ./USBPD/App/usbpd_dpm_core.o (USBPD_PE_Init)
/home/jakub/STM32Cube/Repository/STM32Cube_FW_G0_V1.6.2/Middlewares/ST/STM32_USBPD_Library/Core/lib/USBPDCORE_PD3_FULL_CM0PLUS_wc32.a(usbpd_pe_lib.o)
                              ./USBPD/App/usbpd_dpm_core.o (USBPD_PE_CheckLIB)
/home/jakub/STM32Cube/Repository/STM32Cube_FW_G0_V1.6.2/Middlewares/ST/STM32_USBPD_Library/Core/lib/USBPDCORE_PD3_FULL_CM0PLUS_wc32.a(usbpd_pe_msg.o)
                              /home/jakub/STM32Cube/Repository/STM32Cube_FW_G0_V1.6.2/Middlewares/ST/STM32_USBPD_Library/Core/lib/USBPDCORE_PD3_FULL_CM0PLUS_wc32.a(usbpd_pe.o) (PE_Send_CtrlMessage)
/home/jakub/STM32Cube/Repository/STM32Cube_FW_G0_V1.6.2/Middlewares/ST/STM32_USBPD_Library/Core/lib/USBPDCORE_PD3_FULL_CM0PLUS_wc32.a(usbpd_pe_snk.o)
                              ./USBPD/App/usbpd_dpm_core.o (USBPD_PE_StateMachine_SNK)
/home/jakub/STM32Cube/Repository/STM32Cube_FW_G0_V1.6.2/Middlewares/ST/STM32_USBPD_Library/Core/lib/USBPDCORE_PD3_FULL_CM0PLUS_wc32.a(usbpd_pe_src.o)
                              /home/jakub/STM32Cube/Repository/STM32Cube_FW_G0_V1.6.2/Middlewares/ST/STM32_USBPD_Library/Core/lib/USBPDCORE_PD3_FULL_CM0PLUS_wc32.a(usbpd_pe.o) (USBPD_PE_StateMachine_SRC)
/home/jakub/STM32Cube/Repository/STM32Cube_FW_G0_V1.6.2/Middlewares/ST/STM32_USBPD_Library/Core/lib/USBPDCORE_PD3_FULL_CM0PLUS_wc32.a(usbpd_pe_vconn.o)
                              /home/jakub/STM32Cube/Repository/STM32Cube_FW_G0_V1.6.2/Middlewares/ST/STM32_USBPD_Library/Core/lib/USBPDCORE_PD3_FULL_CM0PLUS_wc32.a(usbpd_pe_snk.o) (PE_StateMachine_VDMCable)
/home/jakub/STM32Cube/Repository/STM32Cube_FW_G0_V1.6.2/Middlewares/ST/STM32_USBPD_Library/Core/lib/USBPDCORE_PD3_FULL_CM0PLUS_wc32.a(usbpd_pe_vdm.o)
                              /home/jakub/STM32Cube/Repository/STM32Cube_FW_G0_V1.6.2/Middlewares/ST/STM32_USBPD_Library/Core/lib/USBPDCORE_PD3_FULL_CM0PLUS_wc32.a(usbpd_pe_msg.o) (PE_Check_DataMessageVDM)
/home/jakub/STM32Cube/Repository/STM32Cube_FW_G0_V1.6.2/Middlewares/ST/STM32_USBPD_Library/Core/lib/USBPDCORE_PD3_FULL_CM0PLUS_wc32.a(usbpd_prl.o)
                              /home/jakub/STM32Cube/Repository/STM32Cube_FW_G0_V1.6.2/Middlewares/ST/STM32_USBPD_Library/Core/lib/USBPDCORE_PD3_FULL_CM0PLUS_wc32.a(usbpd_pe.o) (USBDPD_PRL_BistCarrierEyeMode)
/opt/stm32cubeide/plugins/com.st.stm32cube.ide.mcu.externaltools.gnu-tools-for-stm32.13.3.rel1.linux64_1.0.0.202410170706/tools/bin/../lib/gcc/arm-none-eabi/13.3.1/../../../../arm-none-eabi/lib/thumb/v6-m/nofp/libc_nano.a(libc_a-exit.o)
                              /opt/stm32cubeide/plugins/com.st.stm32cube.ide.mcu.externaltools.gnu-tools-for-stm32.13.3.rel1.linux64_1.0.0.202410170706/tools/bin/../lib/gcc/arm-none-eabi/13.3.1/../../../../arm-none-eabi/lib/thumb/v6-m/nofp/crt0.o (exit)
/opt/stm32cubeide/plugins/com.st.stm32cube.ide.mcu.externaltools.gnu-tools-for-stm32.13.3.rel1.linux64_1.0.0.202410170706/tools/bin/../lib/gcc/arm-none-eabi/13.3.1/../../../../arm-none-eabi/lib/thumb/v6-m/nofp/libc_nano.a(libc_a-malloc.o)
                              ./Core/Src/eDP_adapt.o (malloc)
/opt/stm32cubeide/plugins/com.st.stm32cube.ide.mcu.externaltools.gnu-tools-for-stm32.13.3.rel1.linux64_1.0.0.202410170706/tools/bin/../lib/gcc/arm-none-eabi/13.3.1/../../../../arm-none-eabi/lib/thumb/v6-m/nofp/libc_nano.a(libc_a-mallocr.o)
                              /opt/stm32cubeide/plugins/com.st.stm32cube.ide.mcu.externaltools.gnu-tools-for-stm32.13.3.rel1.linux64_1.0.0.202410170706/tools/bin/../lib/gcc/arm-none-eabi/13.3.1/../../../../arm-none-eabi/lib/thumb/v6-m/nofp/libc_nano.a(libc_a-malloc.o) (_malloc_r)
/opt/stm32cubeide/plugins/com.st.stm32cube.ide.mcu.externaltools.gnu-tools-for-stm32.13.3.rel1.linux64_1.0.0.202410170706/tools/bin/../lib/gcc/arm-none-eabi/13.3.1/../../../../arm-none-eabi/lib/thumb/v6-m/nofp/libc_nano.a(libc_a-mlock.o)
                              /opt/stm32cubeide/plugins/com.st.stm32cube.ide.mcu.externaltools.gnu-tools-for-stm32.13.3.rel1.linux64_1.0.0.202410170706/tools/bin/../lib/gcc/arm-none-eabi/13.3.1/../../../../arm-none-eabi/lib/thumb/v6-m/nofp/libc_nano.a(libc_a-mallocr.o) (__malloc_lock)
/opt/stm32cubeide/plugins/com.st.stm32cube.ide.mcu.externaltools.gnu-tools-for-stm32.13.3.rel1.linux64_1.0.0.202410170706/tools/bin/../lib/gcc/arm-none-eabi/13.3.1/../../../../arm-none-eabi/lib/thumb/v6-m/nofp/libc_nano.a(libc_a-findfp.o)
[...]
Memory Configuration

Name             Origin             Length             Attributes
RAM              0x20000000         0x00024000         xrw
FLASH            0x08000000         0x00080000         xr
*default*        0x00000000         0xffffffff

Linker script and memory map

LOAD /opt/stm32cubeide/plugins/com.st.stm32cube.ide.mcu.externaltools.gnu-tools-for-stm32.13.3.rel1.linux64_1.0.0.202410170706/tools/bin/../lib/gcc/arm-none-eabi/13.3.1/thumb/v6-m/nofp/crti.o
LOAD /opt/stm32cubeide/plugins/com.st.stm32cube.ide.mcu.externaltools.gnu-tools-for-stm32.13.3.rel1.linux64_1.0.0.202410170706/tools/bin/../lib/gcc/arm-none-eabi/13.3.1/thumb/v6-m/nofp/crtbegin.o
LOAD /opt/stm32cubeide/plugins/com.st.stm32cube.ide.mcu.externaltools.gnu-tools-for-stm32.13.3.rel1.linux64_1.0.0.202410170706/tools/bin/../lib/gcc/arm-none-eabi/13.3.1/../../../../arm-none-eabi/lib/thumb/v6-m/nofp/crt0.o
LOAD ./Core/Src/app_freertos.o
LOAD ./Core/Src/eDP_adapt.o
LOAD ./Core/Src/i2c_comms.o
LOAD ./Core/Src/main.o
LOAD ./Core/Src/stm32g0xx_hal_msp.o
LOAD ./Core/Src/stm32g0xx_it.o
LOAD ./Core/Src/syscalls.o
LOAD ./Core/Src/sysmem.o
LOAD ./Core/Src/system_stm32g0xx.o
LOAD ./Core/Startup/startup_stm32g0b1cetx.o
LOAD ./Drivers/STM32G0xx_HAL_Driver/stm32g0xx_hal.o
LOAD ./Drivers/STM32G0xx_HAL_Driver/stm32g0xx_hal_adc.o
LOAD ./Drivers/STM32G0xx_HAL_Driver/stm32g0xx_hal_adc_ex.o
LOAD ./Drivers/STM32G0xx_HAL_Driver/stm32g0xx_hal_cortex.o
LOAD ./Drivers/STM32G0xx_HAL_Driver/stm32g0xx_hal_dma.o
LOAD ./Drivers/STM32G0xx_HAL_Driver/stm32g0xx_hal_dma_ex.o
LOAD ./Drivers/STM32G0xx_HAL_Driver/stm32g0xx_hal_exti.o
LOAD ./Drivers/STM32G0xx_HAL_Driver/stm32g0xx_hal_flash.o
LOAD ./Drivers/STM32G0xx_HAL_Driver/stm32g0xx_hal_flash_ex.o
LOAD ./Drivers/STM32G0xx_HAL_Driver/stm32g0xx_hal_gpio.o
LOAD ./Drivers/STM32G0xx_HAL_Driver/stm32g0xx_hal_i2c.o
LOAD ./Drivers/STM32G0xx_HAL_Driver/stm32g0xx_hal_i2c_ex.o
LOAD ./Drivers/STM32G0xx_HAL_Driver/stm32g0xx_hal_pwr.o
LOAD ./Drivers/STM32G0xx_HAL_Driver/stm32g0xx_hal_pwr_ex.o
LOAD ./Drivers/STM32G0xx_HAL_Driver/stm32g0xx_hal_rcc.o
LOAD ./Drivers/STM32G0xx_HAL_Driver/stm32g0xx_hal_rcc_ex.o
LOAD ./Drivers/STM32G0xx_HAL_Driver/stm32g0xx_hal_tim.o
LOAD ./Drivers/STM32G0xx_HAL_Driver/stm32g0xx_hal_tim_ex.o
LOAD ./Drivers/STM32G0xx_HAL_Driver/stm32g0xx_ll_adc.o
LOAD ./Drivers/STM32G0xx_HAL_Driver/stm32g0xx_ll_crs.o
LOAD ./Drivers/STM32G0xx_HAL_Driver/stm32g0xx_ll_dma.o
LOAD ./Drivers/STM32G0xx_HAL_Driver/stm32g0xx_ll_exti.o
LOAD ./Drivers/STM32G0xx_HAL_Driver/stm32g0xx_ll_gpio.o
LOAD ./Drivers/STM32G0xx_HAL_Driver/stm32g0xx_ll_rcc.o
LOAD ./Drivers/STM32G0xx_HAL_Driver/stm32g0xx_ll_tim.o
LOAD ./Drivers/STM32G0xx_HAL_Driver/stm32g0xx_ll_ucpd.o
LOAD ./Drivers/STM32G0xx_HAL_Driver/stm32g0xx_ll_utils.o
LOAD ./Middlewares/FreeRTOS/cmsis_os2.o
LOAD ./Middlewares/FreeRTOS/croutine.o
LOAD ./Middlewares/FreeRTOS/event_groups.o
LOAD ./Middlewares/FreeRTOS/heap_4.o
LOAD ./Middlewares/FreeRTOS/list.o
LOAD ./Middlewares/FreeRTOS/port.o
LOAD ./Middlewares/FreeRTOS/queue.o
LOAD ./Middlewares/FreeRTOS/stream_buffer.o
LOAD ./Middlewares/FreeRTOS/tasks.o
LOAD ./Middlewares/FreeRTOS/timers.o
LOAD ./Middlewares/USBPD/usbpd_cad_hw_if.o
LOAD ./Middlewares/USBPD/usbpd_hw.o
LOAD ./Middlewares/USBPD/usbpd_hw_if_it.o
LOAD ./Middlewares/USBPD/usbpd_phy.o
LOAD ./Middlewares/USBPD/usbpd_phy_hw_if.o
LOAD ./Middlewares/USBPD/usbpd_pwr_hw_if.o
LOAD ./Middlewares/USBPD/usbpd_timersserver.o
LOAD ./Middlewares/USBPD/usbpd_trace.o
LOAD ./USBPD/App/usbpd.o
LOAD ./USBPD/App/usbpd_dpm_core.o
LOAD ./USBPD/App/usbpd_pwr_if.o
LOAD ./USBPD/Target/usbpd_dpm_user.o
LOAD ./USBPD/Target/usbpd_pwr_user.o
LOAD ./USBPD/Target/usbpd_vdm_user.o
LOAD /home/jakub/STM32Cube/Repository/STM32Cube_FW_G0_V1.6.2/Middlewares/ST/STM32_USBPD_Library/Core/lib/USBPDCORE_PD3_FULL_CM0PLUS_wc32.a
START GROUP
LOAD /opt/stm32cubeide/plugins/com.st.stm32cube.ide.mcu.externaltools.gnu-tools-for-stm32.13.3.rel1.linux64_1.0.0.202410170706/tools/bin/../lib/gcc/arm-none-eabi/13.3.1/../../../../arm-none-eabi/lib/thumb/v6-m/nofp/libc_nano.a
LOAD /opt/stm32cubeide/plugins/com.st.stm32cube.ide.mcu.externaltools.gnu-tools-for-stm32.13.3.rel1.linux64_1.0.0.202410170706/tools/bin/../lib/gcc/arm-none-eabi/13.3.1/../../../../arm-none-eabi/lib/thumb/v6-m/nofp/libm.a
END GROUP
START GROUP
LOAD /opt/stm32cubeide/plugins/com.st.stm32cube.ide.mcu.externaltools.gnu-tools-for-stm32.13.3.rel1.linux64_1.0.0.202410170706/tools/bin/../lib/gcc/arm-none-eabi/13.3.1/thumb/v6-m/nofp/libgcc.a
LOAD /opt/stm32cubeide/plugins/com.st.stm32cube.ide.mcu.externaltools.gnu-tools-for-stm32.13.3.rel1.linux64_1.0.0.202410170706/tools/bin/../lib/gcc/arm-none-eabi/13.3.1/../../../../arm-none-eabi/lib/thumb/v6-m/nofp/libc_nano.a
END GROUP
START GROUP
LOAD /opt/stm32cubeide/plugins/com.st.stm32cube.ide.mcu.externaltools.gnu-tools-for-stm32.13.3.rel1.linux64_1.0.0.202410170706/tools/bin/../lib/gcc/arm-none-eabi/13.3.1/thumb/v6-m/nofp/libgcc.a
LOAD /opt/stm32cubeide/plugins/com.st.stm32cube.ide.mcu.externaltools.gnu-tools-for-stm32.13.3.rel1.linux64_1.0.0.202410170706/tools/bin/../lib/gcc/arm-none-eabi/13.3.1/../../../../arm-none-eabi/lib/thumb/v6-m/nofp/libc_nano.a
LOAD /opt/stm32cubeide/plugins/com.st.stm32cube.ide.mcu.externaltools.gnu-tools-for-stm32.13.3.rel1.linux64_1.0.0.202410170706/tools/bin/../lib/gcc/arm-none-eabi/13.3.1/../../../../arm-none-eabi/lib/thumb/v6-m/nofp/libnosys.a
END GROUP
START GROUP
LOAD /opt/stm32cubeide/plugins/com.st.stm32cube.ide.mcu.externaltools.gnu-tools-for-stm32.13.3.rel1.linux64_1.0.0.202410170706/tools/bin/../lib/gcc/arm-none-eabi/13.3.1/thumb/v6-m/nofp/libgcc.a
LOAD /opt/stm32cubeide/plugins/com.st.stm32cube.ide.mcu.externaltools.gnu-tools-for-stm32.13.3.rel1.linux64_1.0.0.202410170706/tools/bin/../lib/gcc/arm-none-eabi/13.3.1/../../../../arm-none-eabi/lib/thumb/v6-m/nofp/libc_nano.a
LOAD /opt/stm32cubeide/plugins/com.st.stm32cube.ide.mcu.externaltools.gnu-tools-for-stm32.13.3.rel1.linux64_1.0.0.202410170706/tools/bin/../lib/gcc/arm-none-eabi/13.3.1/../../../../arm-none-eabi/lib/thumb/v6-m/nofp/libnosys.a
END GROUP
LOAD /opt/stm32cubeide/plugins/com.st.stm32cube.ide.mcu.externaltools.gnu-tools-for-stm32.13.3.rel1.linux64_1.0.0.202410170706/tools/bin/../lib/gcc/arm-none-eabi/13.3.1/thumb/v6-m/nofp/crtend.o
LOAD /opt/stm32cubeide/plugins/com.st.stm32cube.ide.mcu.externaltools.gnu-tools-for-stm32.13.3.rel1.linux64_1.0.0.202410170706/tools/bin/../lib/gcc/arm-none-eabi/13.3.1/thumb/v6-m/nofp/crtn.o
                0x20024000                        _estack = (ORIGIN (RAM) + LENGTH (RAM))
                0x00000f00                        _Min_Heap_Size = 0xf00
                0x00000f00                        _Min_Stack_Size = 0xf00

.isr_vector     0x08000000       0xbc
                0x08000000                        . = ALIGN (0x4)
 *(.isr_vector)
 .isr_vector    0x08000000       0xbc ./Core/Startup/startup_stm32g0b1cetx.o
                0x08000000                g_pfnVectors
                0x080000bc                        . = ALIGN (0x4)

.text           0x080000c0    0x15278
                0x080000c0                        . = ALIGN (0x4)
 *(.text)
 .text          0x080000c0       0x48 /opt/stm32cubeide/plugins/com.st.stm32cube.ide.mcu.externaltools.gnu-tools-for-stm32.13.3.rel1.linux64_1.0.0.202410170706/tools/bin/../lib/gcc/arm-none-eabi/13.3.1/thumb/v6-m/nofp/crtbegin.o
 .text          0x08000108      0x1ba /home/jakub/STM32Cube/Repository/STM32Cube_FW_G0_V1.6.2/Middlewares/ST/STM32_USBPD_Library/Core/lib/USBPDCORE_PD3_FULL_CM0PLUS_wc32.a(usbpd_cad.o)
                0x08000108                USBPD_CAD_Init
                0x08000162                USBPD_CAD_PortEnable
                0x08000170                USBPD_CAD_Process
                0x0800027c                USBPD_CAD_AssertRd
                0x0800028c                USBPD_CAD_AssertRp
                0x0800029c                USBPD_CAD_EnterErrorRecovery
                0x080002a4                USBPD_CAD_SRC_SetRpResistor
                0x080002b6                USBPD_CAD_SetRpResistor
                0x080002be                USBPD_CAD_GetMemoryConsumption
 *fill*         0x080002c2        0x2 
 .text          0x080002c4     0x120c /home/jakub/STM32Cube/Repository/STM32Cube_FW_G0_V1.6.2/Middlewares/ST/STM32_USBPD_Library/Core/lib/USBPDCORE_PD3_FULL_CM0PLUS_wc32.a(usbpd_pe.o)
                0x080002c4                USBPD_PE_Init
                0x0800037e                USBPD_PE_TimerCounter
                0x080003c6                USBPD_PE_TimerCounteUpdate
                0x0800042c                USBPD_PE_IsCableConnected
                0x0800044e                USBPD_PE_StateMachine_Reset
                0x0800045a                USBPD_PE_StateMachine_Stop
                0x08000462                USBPD_PE_StateMachine_DRP
                0x08000480                USBPD_PE_Notification
                0x080004ae                USBPD_PE_InitVDM_Callback
                0x080004b8                USBPD_PE_Request_HardReset
                0x080004d0                USBPD_PE_Request_CableReset
                0x08000504                USBPD_PE_Request_CtrlMessage
                0x0800065c                USBPD_PE_Request_DataMessage
                0x08000708                USBPD_PE_Send_Request
                0x08000774                USBPD_PE_SendExtendedMessage
                0x0800088c                PE_Send_RESET
                0x080008bc                PE_Get_SpecRevision
                0x080008cc                PE_ChangePowerRole
                0x080008e8                PE_Get_RxEvent
                0x08000956                PE_Clear_RxEvent
                0x080009a0                PE_PRL_Control_RxEvent
                0x080009c8                PE_Convert_SOPRxEvent
                0x080009e4                PE_Check_AMSConflict
                0x08000a58                PE_PRL_ResetReceived
                0x08000ab0                PE_PRL_BistCompleted
                0x08000ab2                PE_Reset_HardReset
                0x08000b24                PE_Reset_ZI
                0x08000b90                PE_Reset_Counter
                0x08000ba0                PE_Reset_StateMachine
                0x08000bf4                PE_ExtRevisionInteroperability
                0x08000c3c                PE_PRL_FastRoleSwapReception
                0x08000c68                PE_PRL_PostReceiveEvent
                0x08000ca0                PE_PRL_PostReceiveEventError
                0x08000cd0                PE_PRL_PostReceiveEventCopy
                0x08000d04                PE_PRL_PostReceiveEventComplete
                0x08000d44                PE_Get_UnchunkedSupport
                0x08000d68                PE_SubStateMachine_Generic
                0x08001334                PE_SubStateMachine_ReceiveDRS
                0x0800137e                PE_UpdateTimer
                0x08001394                PE_CallHardResetCallback
                0x080013a6                PE_SetPowerNegotiation
                0x080013ce                USBPD_PE_ExecFastRoleSwapSignalling
                0x080013f4                PE_CalculateMinTiming
                0x0800141c                PE_SetPowerNegociation
                0x0800144c                PE_CheckDataSizeFromGetDataInfo
                0x0800147c                PE_SwitchDataRole
 .text          0x080014d0       0x40 /home/jakub/STM32Cube/Repository/STM32Cube_FW_G0_V1.6.2/Middlewares/ST/STM32_USBPD_Library/Core/lib/USBPDCORE_PD3_FULL_CM0PLUS_wc32.a(usbpd_pe_lib.o)
                0x080014d0                USBPD_PE_SetTrace
                0x080014dc                USBPD_PE_CheckLIB
                0x080014f8                USBPD_PE_GetMemoryConsumption
                0x0800150e                PE_Trace_Empty
 .text          0x08001510      0x918 /home/jakub/STM32Cube/Repository/STM32Cube_FW_G0_V1.6.2/Middlewares/ST/STM32_USBPD_Library/Core/lib/USBPDCORE_PD3_FULL_CM0PLUS_wc32.a(usbpd_pe_msg.o)
                0x08001510                PE_Send_CtrlMessage
                0x08001566                PE_Send_DataMessage
                0x080015e0                PE_Check_ExtendedMessage
                0x080017cc                PE_Send_ExtendedMessage
                0x08001824                PE_SubStateMachine_ExtendedMessages
                0x08001a70                PE_ManageRXEvent
                0x08001a9c                PE_Check_ControlMessage
                0x08001c62                PE_Check_DataMessage
                0x08001dac                PE_CheckSendMessageStatus
 .text          0x08001e28      0xd64 /home/jakub/STM32Cube/Repository/STM32Cube_FW_G0_V1.6.2/Middlewares/ST/STM32_USBPD_Library/Core/lib/USBPDCORE_PD3_FULL_CM0PLUS_wc32.a(usbpd_pe_snk.o)
                0x08001e28                USBPD_PE_StateMachine_SNK
                0x08002a64                PE_StateMachine_SNK_ReadyWait
 .text          0x08002b8c      0xf9c /home/jakub/STM32Cube/Repository/STM32Cube_FW_G0_V1.6.2/Middlewares/ST/STM32_USBPD_Library/Core/lib/USBPDCORE_PD3_FULL_CM0PLUS_wc32.a(usbpd_pe_src.o)
                0x08002b8c                USBPD_PE_StateMachine_SRC
                0x08003ab8                PE_Send_SRCCapabilities
 .text          0x08003b28      0x52c /home/jakub/STM32Cube/Repository/STM32Cube_FW_G0_V1.6.2/Middlewares/ST/STM32_USBPD_Library/Core/lib/USBPDCORE_PD3_FULL_CM0PLUS_wc32.a(usbpd_pe_vconn.o)
                0x08003b28                PE_StateMachine_VDMCable
                0x08003da8                PE_SubStateMachine_VconnSwap
 .text          0x08004054     0x15d4 /home/jakub/STM32Cube/Repository/STM32Cube_FW_G0_V1.6.2/Middlewares/ST/STM32_USBPD_Library/Core/lib/USBPDCORE_PD3_FULL_CM0PLUS_wc32.a(usbpd_pe_vdm.o)
                0x08004054                USBPD_PE_SVDM_RequestIdentity
                0x080040da                USBPD_PE_SVDM_RequestSVID
                0x0800413a                USBPD_PE_SVDM_RequestMode
                0x080041a0                USBPD_PE_SVDM_RequestModeEnter
                0x0800421e                USBPD_PE_SVDM_RequestModeExit
                0x0800429c                USBPD_PE_SVDM_RequestSpecific
                0x08004308                USBPD_PE_SVDM_RequestAttention
                0x08004368                USBPD_PE_UVDM_RequestMessage
                0x080043be                PE_Receive_SVDM
                0x080044c4                PE_StateMachine_VDM
                0x08005268                PE_StateMachine_UVDM
                0x080052f0                PE_Check_DataMessageVDM
                0x080053c0                PE_SVDM_CheckIdentity
                0x0800554e                PE_SVDM_CheckSVIDs
                0x080055d0                PE_SVDM_CheckModes
 .text          0x08005628      0xba4 /home/jakub/STM32Cube/Repository/STM32Cube_FW_G0_V1.6.2/Middlewares/ST/STM32_USBPD_Library/Core/lib/USBPDCORE_PD3_FULL_CM0PLUS_wc32.a(usbpd_prl.o)
                0x08005628                USBPD_PRL_TimerCounter
                0x0800564c                USBPD_PRL_Init
                0x080056bc                USBPD_PRL_GetMemoryConsumption
                0x080056c2                USBPD_PRL_SetHeader
                0x080056fa                USBPD_PRL_SetHeaderPowerRole
                0x0800570e                USBPD_PRL_SetHeaderDataRole
                0x08005726                USBPD_PRL_SetHeaderSpecification
                0x0800573e                USBPD_PRL_CBL_SetHeaderSpecification
                0x0800575e                USBPD_PRL_SRCSetSinkNG
                0x08005766                USBPD_PRL_SRCReleaseSinkNG
                0x0800578c                USBPD_PRL_IsResistor_SinkTxOK
                0x08005794                USBPD_PRL_FastRoleSwapSignalling
                0x080057a4                USBPD_PRL_SOPCapability
                0x080057ac                USBPD_PRL_SendMessage
                0x08005c00                USBPD_PRL_ResetRequestProcess
                0x08005c5a                USBDPD_PRL_BistCarrierEyeMode
                0x08005c6a                USBDPD_PRL_BistCarrierEyeModeExit
                0x08005c7c                USBPD_PRL_Reset
                0x08005cc8                USBPD_PRL_Stop
                0x08005cd0                USBPD_PRL_DeInit
                0x080060ee                USBPD_PRL_PrepareExtendedTxChunkSending
                0x0800613e                USBPD_PRL_PrepareChunkRequest
 .text          0x080061cc      0x114 /opt/stm32cubeide/plugins/com.st.stm32cube.ide.mcu.externaltools.gnu-tools-for-stm32.13.3.rel1.linux64_1.0.0.202410170706/tools/bin/../lib/gcc/arm-none-eabi/13.3.1/thumb/v6-m/nofp/libgcc.a(_udivsi3.o)
                0x080061cc                __udivsi3
                0x080061cc                __aeabi_uidiv
                0x080062d8                __aeabi_uidivmod
 .text          0x080062e0      0x1d4 /opt/stm32cubeide/plugins/com.st.stm32cube.ide.mcu.externaltools.gnu-tools-for-stm32.13.3.rel1.linux64_1.0.0.202410170706/tools/bin/../lib/gcc/arm-none-eabi/13.3.1/thumb/v6-m/nofp/libgcc.a(_divsi3.o)
                0x080062e0                __aeabi_idiv
                0x080062e0                __divsi3
                0x080064ac                __aeabi_idivmod
 .text          0x080064b4        0x4 /opt/stm32cubeide/plugins/com.st.stm32cube.ide.mcu.externaltools.gnu-tools-for-stm32.13.3.rel1.linux64_1.0.0.202410170706/tools/bin/../lib/gcc/arm-none-eabi/13.3.1/thumb/v6-m/nofp/libgcc.a(_dvmd_tls.o)
                0x080064b4                __aeabi_ldiv0
                0x080064b4                __aeabi_idiv0
 .text          0x080064b8       0x3c /opt/stm32cubeide/plugins/com.st.stm32cube.ide.mcu.externaltools.gnu-tools-for-stm32.13.3.rel1.linux64_1.0.0.202410170706/tools/bin/../lib/gcc/arm-none-eabi/13.3.1/thumb/v6-m/nofp/libgcc.a(_fixunsdfsi.o)
                0x080064b8                __fixunsdfsi
                0x080064b8                __aeabi_d2uiz
 .text          0x080064f4      0x5cc /opt/stm32cubeide/plugins/com.st.stm32cube.ide.mcu.externaltools.gnu-tools-for-stm32.13.3.rel1.linux64_1.0.0.202410170706/tools/bin/../lib/gcc/arm-none-eabi/13.3.1/thumb/v6-m/nofp/libgcc.a(muldf3.o)
                0x080064f4                __aeabi_dmul
 .text          0x08006ac0      0x814 /opt/stm32cubeide/plugins/com.st.stm32cube.ide.mcu.externaltools.gnu-tools-for-stm32.13.3.rel1.linux64_1.0.0.202410170706/tools/bin/../lib/gcc/arm-none-eabi/13.3.1/thumb/v6-m/nofp/libgcc.a(subdf3.o)
                0x08006ac0                __aeabi_dsub
 .text          0x080072d4       0x78 /opt/stm32cubeide/plugins/com.st.stm32cube.ide.mcu.externaltools.gnu-tools-for-stm32.13.3.rel1.linux64_1.0.0.202410170706/tools/bin/../lib/gcc/arm-none-eabi/13.3.1/thumb/v6-m/nofp/libgcc.a(fixdfsi.o)
                0x080072d4                __aeabi_d2iz
 .text          0x0800734c       0x5c /opt/stm32cubeide/plugins/com.st.stm32cube.ide.mcu.externaltools.gnu-tools-for-stm32.13.3.rel1.linux64_1.0.0.202410170706/tools/bin/../lib/gcc/arm-none-eabi/13.3.1/thumb/v6-m/nofp/libgcc.a(floatsidf.o)
                0x0800734c                __aeabi_i2d
 .text          0x080073a8       0x48 /opt/stm32cubeide/plugins/com.st.stm32cube.ide.mcu.externaltools.gnu-tools-for-stm32.13.3.rel1.linux64_1.0.0.202410170706/tools/bin/../lib/gcc/arm-none-eabi/13.3.1/thumb/v6-m/nofp/libgcc.a(floatunsidf.o)
                0x080073a8                __aeabi_ui2d
 .text          0x080073f0       0x7c /opt/stm32cubeide/plugins/com.st.stm32cube.ide.mcu.externaltools.gnu-tools-for-stm32.13.3.rel1.linux64_1.0.0.202410170706/tools/bin/../lib/gcc/arm-none-eabi/13.3.1/thumb/v6-m/nofp/libgcc.a(_arm_cmpdf2.o)
                0x080073f0                __aeabi_cdrcmple
                0x08007400                __aeabi_cdcmple
                0x08007400                __aeabi_cdcmpeq
                0x08007410                __aeabi_dcmpeq
                0x0800741c                __aeabi_dcmplt
                0x08007430                __aeabi_dcmple
                0x08007444                __aeabi_dcmpgt
                0x08007458                __aeabi_dcmpge
 .text          0x0800746c       0x3c /opt/stm32cubeide/plugins/com.st.stm32cube.ide.mcu.externaltools.gnu-tools-for-stm32.13.3.rel1.linux64_1.0.0.202410170706/tools/bin/../lib/gcc/arm-none-eabi/13.3.1/thumb/v6-m/nofp/libgcc.a(_clzsi2.o)
                0x0800746c                __clzsi2
 .text          0x080074a8       0x88 /opt/stm32cubeide/plugins/com.st.stm32cube.ide.mcu.externaltools.gnu-tools-for-stm32.13.3.rel1.linux64_1.0.0.202410170706/tools/bin/../lib/gcc/arm-none-eabi/13.3.1/thumb/v6-m/nofp/libgcc.a(eqdf2.o)
                0x080074a8                __eqdf2
                0x080074a8                __nedf2
 .text          0x08007530       0xe0 /opt/stm32cubeide/plugins/com.st.stm32cube.ide.mcu.externaltools.gnu-tools-for-stm32.13.3.rel1.linux64_1.0.0.202410170706/tools/bin/../lib/gcc/arm-none-eabi/13.3.1/thumb/v6-m/nofp/libgcc.a(gedf2.o)
                0x08007530                __gtdf2
                0x08007530                __gedf2
 .text          0x08007610       0xdc /opt/stm32cubeide/plugins/com.st.stm32cube.ide.mcu.externaltools.gnu-tools-for-stm32.13.3.rel1.linux64_1.0.0.202410170706/tools/bin/../lib/gcc/arm-none-eabi/13.3.1/thumb/v6-m/nofp/libgcc.a(ledf2.o)
                0x08007610                __ltdf2
                0x08007610                __ledf2
 *(.text*)
 .text.PUZ_USBPD_INIT
                0x080076ec      0x1f4 ./Core/Src/eDP_adapt.o
                0x080076ec                PUZ_USBPD_INIT
 .text.PUZ_USBPD_StorePDOs
                0x080078e0       0x88 ./Core/Src/eDP_adapt.o
                0x080078e0                PUZ_USBPD_StorePDOs
 .text.PUZ_USBPD_SNK_Capability
                0x08007968      0x448 ./Core/Src/eDP_adapt.o
                0x08007968                PUZ_USBPD_SNK_Capability
 .text.PUZ_USBPD_VBUSVOLT
                0x08007db0       0x78 ./Core/Src/eDP_adapt.o
                0x08007db0                PUZ_USBPD_VBUSVOLT
 .text.PUZ_USBPD_DiscID
                0x08007e28       0x3c ./Core/Src/eDP_adapt.o
                0x08007e28                PUZ_USBPD_DiscID
 .text.PUZ_USBPD_DiscSVIDs
                0x08007e64       0x40 ./Core/Src/eDP_adapt.o
                0x08007e64                PUZ_USBPD_DiscSVIDs
 .text.PUZ_USBPD_DiscModes
                0x08007ea4       0x54 ./Core/Src/eDP_adapt.o
                0x08007ea4                PUZ_USBPD_DiscModes
 .text.PUZ_USBPD_Specifics
                0x08007ef8       0x7c ./Core/Src/eDP_adapt.o
                0x08007ef8                PUZ_USBPD_Specifics
 .text.PUZ_USBPD_ENTER
                0x08007f74       0x74 ./Core/Src/eDP_adapt.o
                0x08007f74                PUZ_USBPD_ENTER
 .text.PUZ_USBPD_PlugDet
                0x08007fe8       0x88 ./Core/Src/eDP_adapt.o
                0x08007fe8                PUZ_USBPD_PlugDet
 .text.initTask
                0x08008070       0x24 ./Core/Src/eDP_adapt.o
                0x08008070                initTask
 .text.mainLoop
                0x08008094       0x20 ./Core/Src/eDP_adapt.o
                0x08008094                mainLoop
 .text.INA_CONF
                0x080080b4       0x60 ./Core/Src/i2c_comms.o
                0x080080b4                INA_CONF
 .text.INA234_READ
                0x08008114       0xc8 ./Core/Src/i2c_comms.o
                0x08008114                INA234_READ
 .text.set_Mux  0x080081dc       0x70 ./Core/Src/i2c_comms.o
                0x080081dc                set_Mux
 .text.disable_USB_HUB
                0x0800824c       0x3c ./Core/Src/i2c_comms.o
                0x0800824c                disable_USB_HUB
 .text.enable_USB_HUB
                0x08008288       0x3c ./Core/Src/i2c_comms.o
                0x08008288                enable_USB_HUB
 .text.convertor
                0x080082c4      0x2be ./Core/Src/i2c_comms.o
                0x080082c4                convertor
 *fill*         0x08008582        0x2 
 .text.bulkTransfer
                0x08008584      0x138 ./Core/Src/i2c_comms.o
                0x08008584                bulkTransfer
 .text.config_USB_Hub
                0x080086bc       0x30 ./Core/Src/i2c_comms.o
                0x080086bc                config_USB_Hub
 .text.I2C_Task
                0x080086ec      0x194 ./Core/Src/i2c_comms.o
                0x080086ec                I2C_Task
 .text.I2C_init
                0x08008880       0x3c ./Core/Src/i2c_comms.o
                0x08008880                I2C_init
 .text.__NVIC_EnableIRQ
                0x080088bc       0x34 ./Core/Src/main.o
 .text.__NVIC_SetPriority
                0x080088f0       0xdc ./Core/Src/main.o
 .text.LL_DMA_SetDataTransferDirection
                0x080089cc       0x4c ./Core/Src/main.o
 .text.LL_DMA_SetMode
                0x08008a18       0x48 ./Core/Src/main.o
 .text.LL_DMA_SetPeriphIncMode
                0x08008a60       0x48 ./Core/Src/main.o
 .text.LL_DMA_SetMemoryIncMode
                0x08008aa8       0x48 ./Core/Src/main.o
 .text.LL_DMA_SetPeriphSize
                0x08008af0       0x4c ./Core/Src/main.o
 .text.LL_DMA_SetMemorySize
                0x08008b3c       0x4c ./Core/Src/main.o
 .text.LL_DMA_SetChannelPriorityLevel
                0x08008b88       0x4c ./Core/Src/main.o
 .text.LL_DMA_SetPeriphRequest
                0x08008bd4       0x58 ./Core/Src/main.o
 .text.LL_APB1_GRP1_EnableClock
                0x08008c2c       0x2c ./Core/Src/main.o
 .text.LL_IOP_GRP1_EnableClock
                0x08008c58       0x2c ./Core/Src/main.o
 .text.main     0x08008c84       0x54 ./Core/Src/main.o
                0x08008c84                main
 .text.SystemClock_Config
                0x08008cd8       0xbc ./Core/Src/main.o
                0x08008cd8                SystemClock_Config
 .text.MX_ADC1_Init
                0x08008d94      0x110 ./Core/Src/main.o
 .text.MX_I2C2_Init
                0x08008ea4       0x80 ./Core/Src/main.o
 .text.MX_TIM2_Init
                0x08008f24      0x100 ./Core/Src/main.o
 .text.MX_UCPD1_Init
                0x08009024      0x150 ./Core/Src/main.o
 .text.MX_DMA_Init
                0x08009174       0x48 ./Core/Src/main.o
 .text.MX_GPIO_Init
                0x080091bc       0xc4 ./Core/Src/main.o
 .text.StartDefaultTask
                0x08009280       0x12 ./Core/Src/main.o
                0x08009280                StartDefaultTask
 .text.Error_Handler
                0x08009292        0xc ./Core/Src/main.o
                0x08009292                Error_Handler
 *fill*         0x0800929e        0x2 
 .text.HAL_MspInit
                0x080092a0       0x60 ./Core/Src/stm32g0xx_hal_msp.o
                0x080092a0                HAL_MspInit
 .text.HAL_ADC_MspInit
                0x08009300      0x120 ./Core/Src/stm32g0xx_hal_msp.o
                0x08009300                HAL_ADC_MspInit
 .text.HAL_I2C_MspInit
                0x08009420       0xc4 ./Core/Src/stm32g0xx_hal_msp.o
                0x08009420                HAL_I2C_MspInit
 .text.HAL_TIM_Base_MspInit
                0x080094e4       0x38 ./Core/Src/stm32g0xx_hal_msp.o
                0x080094e4                HAL_TIM_Base_MspInit
 .text.HAL_TIM_MspPostInit
                0x0800951c       0x78 ./Core/Src/stm32g0xx_hal_msp.o
                0x0800951c                HAL_TIM_MspPostInit
 .text.NMI_Handler
                0x08009594        0x8 ./Core/Src/stm32g0xx_it.o
                0x08009594                NMI_Handler
 .text.HardFault_Handler
                0x0800959c        0x8 ./Core/Src/stm32g0xx_it.o
                0x0800959c                HardFault_Handler
 .text.SysTick_Handler
                0x080095a4       0x20 ./Core/Src/stm32g0xx_it.o
                0x080095a4                SysTick_Handler
 .text.USB_UCPD1_2_IRQHandler
                0x080095c4        0xe ./Core/Src/stm32g0xx_it.o
                0x080095c4                USB_UCPD1_2_IRQHandler
 .text.DMA1_Channel1_IRQHandler
                0x080095d2        0xa ./Core/Src/stm32g0xx_it.o
                0x080095d2                DMA1_Channel1_IRQHandler
 .text.DMA1_Channel2_3_IRQHandler
                0x080095dc       0x18 ./Core/Src/stm32g0xx_it.o
                0x080095dc                DMA1_Channel2_3_IRQHandler
 .text._sbrk    0x080095f4       0x6c ./Core/Src/sysmem.o
                0x080095f4                _sbrk
 .text.SystemInit
                0x08009660        0xa ./Core/Src/system_stm32g0xx.o
                0x08009660                SystemInit
 *fill*         0x0800966a        0x2 
 .text.Reset_Handler
                0x0800966c       0x50 ./Core/Startup/startup_stm32g0b1cetx.o
                0x0800966c                Reset_Handler
 .text.Default_Handler
                0x080096bc        0x2 ./Core/Startup/startup_stm32g0b1cetx.o
                0x080096bc                I2C2_3_IRQHandler
                0x080096bc                USART3_4_5_6_LPUART1_IRQHandler
                0x080096bc                TIM1_CC_IRQHandler
                0x080096bc                ADC1_COMP_IRQHandler
                0x080096bc                I2C1_IRQHandler
                0x080096bc                TIM7_LPTIM2_IRQHandler
                0x080096bc                TIM17_FDCAN_IT1_IRQHandler
                0x080096bc                DMA1_Ch4_7_DMA2_Ch1_5_DMAMUX1_OVR_IRQHandler
                0x080096bc                RCC_CRS_IRQHandler
                0x080096bc                RTC_TAMP_IRQHandler
                0x080096bc                SPI1_IRQHandler
                0x080096bc                EXTI2_3_IRQHandler
                0x080096bc                USART2_LPUART2_IRQHandler
                0x080096bc                PVD_VDDIO2_IRQHandler
                0x080096bc                EXTI4_15_IRQHandler
                0x080096bc                Default_Handler
                0x080096bc                CEC_IRQHandler
                0x080096bc                TIM14_IRQHandler
                0x080096bc                TIM15_IRQHandler
                0x080096bc                TIM3_TIM4_IRQHandler
                0x080096bc                EXTI0_1_IRQHandler
                0x080096bc                SPI2_3_IRQHandler
                0x080096bc                TIM6_DAC_LPTIM1_IRQHandler
                0x080096bc                WWDG_IRQHandler
                0x080096bc                TIM2_IRQHandler
                0x080096bc                FLASH_IRQHandler
                0x080096bc                USART1_IRQHandler
                0x080096bc                TIM16_FDCAN_IT0_IRQHandler
                0x080096bc                TIM1_BRK_UP_TRG_COM_IRQHandler
 *fill*         0x080096be        0x2 
 .text.HAL_Init
                0x080096c0       0x40 ./Drivers/STM32G0xx_HAL_Driver/stm32g0xx_hal.o
                0x080096c0                HAL_Init
 .text.HAL_InitTick
                0x08009700       0x94 ./Drivers/STM32G0xx_HAL_Driver/stm32g0xx_hal.o
                0x08009700                HAL_InitTick
 .text.HAL_IncTick
                0x08009794       0x24 ./Drivers/STM32G0xx_HAL_Driver/stm32g0xx_hal.o
                0x08009794                HAL_IncTick
 .text.HAL_GetTick
                0x080097b8       0x14 ./Drivers/STM32G0xx_HAL_Driver/stm32g0xx_hal.o
                0x080097b8                HAL_GetTick
 .text.HAL_Delay
                0x080097cc       0x48 ./Drivers/STM32G0xx_HAL_Driver/stm32g0xx_hal.o
                0x080097cc                HAL_Delay
 .text.HAL_SYSCFG_StrobeDBattpinsConfig
                0x08009814       0x2c ./Drivers/STM32G0xx_HAL_Driver/stm32g0xx_hal.o
                0x08009814                HAL_SYSCFG_StrobeDBattpinsConfig
 .text.LL_ADC_SetCommonPathInternalCh
                0x08009840       0x28 ./Drivers/STM32G0xx_HAL_Driver/stm32g0xx_hal_adc.o
 .text.LL_ADC_GetCommonPathInternalCh
                0x08009868       0x1a ./Drivers/STM32G0xx_HAL_Driver/stm32g0xx_hal_adc.o
 .text.LL_ADC_SetSamplingTimeCommonChannels
                0x08009882       0x3a ./Drivers/STM32G0xx_HAL_Driver/stm32g0xx_hal_adc.o
 .text.LL_ADC_GetSamplingTimeCommonChannels
                0x080098bc       0x2e ./Drivers/STM32G0xx_HAL_Driver/stm32g0xx_hal_adc.o
 .text.LL_ADC_REG_IsTriggerSourceSWStart
                0x080098ea       0x22 ./Drivers/STM32G0xx_HAL_Driver/stm32g0xx_hal_adc.o
 .text.LL_ADC_REG_SetSequencerRanks
                0x0800990c       0x40 ./Drivers/STM32G0xx_HAL_Driver/stm32g0xx_hal_adc.o
 .text.LL_ADC_REG_SetSequencerChAdd
                0x0800994c       0x22 ./Drivers/STM32G0xx_HAL_Driver/stm32g0xx_hal_adc.o
 .text.LL_ADC_REG_SetSequencerChRem
                0x0800996e       0x24 ./Drivers/STM32G0xx_HAL_Driver/stm32g0xx_hal_adc.o
 *fill*         0x08009992        0x2 
 .text.LL_ADC_SetChannelSamplingTime
                0x08009994       0x38 ./Drivers/STM32G0xx_HAL_Driver/stm32g0xx_hal_adc.o
 .text.LL_ADC_EnableInternalRegulator
                0x080099cc       0x28 ./Drivers/STM32G0xx_HAL_Driver/stm32g0xx_hal_adc.o
 .text.LL_ADC_IsInternalRegulatorEnabled
                0x080099f4       0x28 ./Drivers/STM32G0xx_HAL_Driver/stm32g0xx_hal_adc.o
 .text.LL_ADC_Enable
                0x08009a1c       0x24 ./Drivers/STM32G0xx_HAL_Driver/stm32g0xx_hal_adc.o
 .text.LL_ADC_Disable
                0x08009a40       0x24 ./Drivers/STM32G0xx_HAL_Driver/stm32g0xx_hal_adc.o
 .text.LL_ADC_IsEnabled
                0x08009a64       0x22 ./Drivers/STM32G0xx_HAL_Driver/stm32g0xx_hal_adc.o
 .text.LL_ADC_IsDisableOngoing
                0x08009a86       0x22 ./Drivers/STM32G0xx_HAL_Driver/stm32g0xx_hal_adc.o
 .text.LL_ADC_REG_StartConversion
                0x08009aa8       0x24 ./Drivers/STM32G0xx_HAL_Driver/stm32g0xx_hal_adc.o
 .text.LL_ADC_REG_IsConversionOngoing
                0x08009acc       0x22 ./Drivers/STM32G0xx_HAL_Driver/stm32g0xx_hal_adc.o
 *fill*         0x08009aee        0x2 
 .text.HAL_ADC_Init
                0x08009af0      0x350 ./Drivers/STM32G0xx_HAL_Driver/stm32g0xx_hal_adc.o
                0x08009af0                HAL_ADC_Init
 .text.HAL_ADC_Start_DMA
                0x08009e40      0x11c ./Drivers/STM32G0xx_HAL_Driver/stm32g0xx_hal_adc.o
                0x08009e40                HAL_ADC_Start_DMA
 .text.HAL_ADC_ConvCpltCallback
                0x08009f5c       0x10 ./Drivers/STM32G0xx_HAL_Driver/stm32g0xx_hal_adc.o
                0x08009f5c                HAL_ADC_ConvCpltCallback
 .text.HAL_ADC_ConvHalfCpltCallback
                0x08009f6c       0x10 ./Drivers/STM32G0xx_HAL_Driver/stm32g0xx_hal_adc.o
                0x08009f6c                HAL_ADC_ConvHalfCpltCallback
 .text.HAL_ADC_ErrorCallback
                0x08009f7c       0x10 ./Drivers/STM32G0xx_HAL_Driver/stm32g0xx_hal_adc.o
                0x08009f7c                HAL_ADC_ErrorCallback
 .text.HAL_ADC_ConfigChannel
                0x08009f8c      0x3b0 ./Drivers/STM32G0xx_HAL_Driver/stm32g0xx_hal_adc.o
                0x08009f8c                HAL_ADC_ConfigChannel
 .text.ADC_Enable
                0x0800a33c      0x10c ./Drivers/STM32G0xx_HAL_Driver/stm32g0xx_hal_adc.o
                0x0800a33c                ADC_Enable
 .text.ADC_Disable
                0x0800a448       0xbc ./Drivers/STM32G0xx_HAL_Driver/stm32g0xx_hal_adc.o
                0x0800a448                ADC_Disable
 .text.ADC_DMAConvCplt
                0x0800a504       0xc8 ./Drivers/STM32G0xx_HAL_Driver/stm32g0xx_hal_adc.o
 .text.ADC_DMAHalfConvCplt
                0x0800a5cc       0x1e ./Drivers/STM32G0xx_HAL_Driver/stm32g0xx_hal_adc.o
 .text.ADC_DMAError
                0x0800a5ea       0x36 ./Drivers/STM32G0xx_HAL_Driver/stm32g0xx_hal_adc.o
 .text.LL_ADC_GetCommonClock
                0x0800a620       0x1a ./Drivers/STM32G0xx_HAL_Driver/stm32g0xx_hal_adc_ex.o
 .text.LL_ADC_GetClock
                0x0800a63a       0x18 ./Drivers/STM32G0xx_HAL_Driver/stm32g0xx_hal_adc_ex.o
 .text.LL_ADC_SetCalibrationFactor
                0x0800a652       0x28 ./Drivers/STM32G0xx_HAL_Driver/stm32g0xx_hal_adc_ex.o
 .text.LL_ADC_GetCalibrationFactor
                0x0800a67a       0x1a ./Drivers/STM32G0xx_HAL_Driver/stm32g0xx_hal_adc_ex.o
 .text.LL_ADC_Enable
                0x0800a694       0x24 ./Drivers/STM32G0xx_HAL_Driver/stm32g0xx_hal_adc_ex.o
 .text.LL_ADC_Disable
                0x0800a6b8       0x24 ./Drivers/STM32G0xx_HAL_Driver/stm32g0xx_hal_adc_ex.o
 .text.LL_ADC_IsEnabled
                0x0800a6dc       0x22 ./Drivers/STM32G0xx_HAL_Driver/stm32g0xx_hal_adc_ex.o
 *fill*         0x0800a6fe        0x2 
 .text.LL_ADC_StartCalibration
                0x0800a700       0x28 ./Drivers/STM32G0xx_HAL_Driver/stm32g0xx_hal_adc_ex.o
 .text.LL_ADC_IsCalibrationOnGoing
                0x0800a728       0x26 ./Drivers/STM32G0xx_HAL_Driver/stm32g0xx_hal_adc_ex.o
 *fill*         0x0800a74e        0x2 
 .text.HAL_ADCEx_Calibration_Start
                0x0800a750      0x1f8 ./Drivers/STM32G0xx_HAL_Driver/stm32g0xx_hal_adc_ex.o
                0x0800a750                HAL_ADCEx_Calibration_Start
 .text.__NVIC_EnableIRQ
                0x0800a948       0x34 ./Drivers/STM32G0xx_HAL_Driver/stm32g0xx_hal_cortex.o
 .text.__NVIC_SetPriority
                0x0800a97c       0xdc ./Drivers/STM32G0xx_HAL_Driver/stm32g0xx_hal_cortex.o
 .text.SysTick_Config
                0x0800aa58       0x48 ./Drivers/STM32G0xx_HAL_Driver/stm32g0xx_hal_cortex.o
 .text.HAL_NVIC_SetPriority
                0x0800aaa0       0x2a ./Drivers/STM32G0xx_HAL_Driver/stm32g0xx_hal_cortex.o
                0x0800aaa0                HAL_NVIC_SetPriority
 .text.HAL_NVIC_EnableIRQ
                0x0800aaca       0x20 ./Drivers/STM32G0xx_HAL_Driver/stm32g0xx_hal_cortex.o
                0x0800aaca                HAL_NVIC_EnableIRQ
 .text.HAL_SYSTICK_Config
                0x0800aaea       0x1a ./Drivers/STM32G0xx_HAL_Driver/stm32g0xx_hal_cortex.o
                0x0800aaea                HAL_SYSTICK_Config
 .text.HAL_DMA_Init
                0x0800ab04      0x158 ./Drivers/STM32G0xx_HAL_Driver/stm32g0xx_hal_dma.o
                0x0800ab04                HAL_DMA_Init
 .text.HAL_DMA_Start_IT
                0x0800ac5c      0x10c ./Drivers/STM32G0xx_HAL_Driver/stm32g0xx_hal_dma.o
                0x0800ac5c                HAL_DMA_Start_IT
 .text.HAL_DMA_IRQHandler
                0x0800ad68      0x188 ./Drivers/STM32G0xx_HAL_Driver/stm32g0xx_hal_dma.o
                0x0800ad68                HAL_DMA_IRQHandler
 .text.DMA_SetConfig
                0x0800aef0       0x78 ./Drivers/STM32G0xx_HAL_Driver/stm32g0xx_hal_dma.o
 .text.DMA_CalcDMAMUXChannelBaseAndMask
                0x0800af68       0x94 ./Drivers/STM32G0xx_HAL_Driver/stm32g0xx_hal_dma.o
 .text.DMA_CalcDMAMUXRequestGenBaseAndMask
                0x0800affc       0x48 ./Drivers/STM32G0xx_HAL_Driver/stm32g0xx_hal_dma.o
 .text.HAL_GPIO_Init
                0x0800b044      0x2d8 ./Drivers/STM32G0xx_HAL_Driver/stm32g0xx_hal_gpio.o
                0x0800b044                HAL_GPIO_Init
 .text.HAL_GPIO_ReadPin
                0x0800b31c       0x3a ./Drivers/STM32G0xx_HAL_Driver/stm32g0xx_hal_gpio.o
                0x0800b31c                HAL_GPIO_ReadPin
 .text.HAL_GPIO_WritePin
                0x0800b356       0x3a ./Drivers/STM32G0xx_HAL_Driver/stm32g0xx_hal_gpio.o
                0x0800b356                HAL_GPIO_WritePin
 .text.HAL_I2C_Init
                0x0800b390      0x14c ./Drivers/STM32G0xx_HAL_Driver/stm32g0xx_hal_i2c.o
                0x0800b390                HAL_I2C_Init
 .text.HAL_I2C_Mem_Write
                0x0800b4dc      0x25c ./Drivers/STM32G0xx_HAL_Driver/stm32g0xx_hal_i2c.o
                0x0800b4dc                HAL_I2C_Mem_Write
 .text.HAL_I2C_Mem_Read
                0x0800b738      0x268 ./Drivers/STM32G0xx_HAL_Driver/stm32g0xx_hal_i2c.o
                0x0800b738                HAL_I2C_Mem_Read
 .text.I2C_RequestMemoryWrite
                0x0800b9a0       0xc8 ./Drivers/STM32G0xx_HAL_Driver/stm32g0xx_hal_i2c.o
 .text.I2C_RequestMemoryRead
                0x0800ba68       0xc4 ./Drivers/STM32G0xx_HAL_Driver/stm32g0xx_hal_i2c.o
 .text.I2C_Flush_TXDR
                0x0800bb2c       0x44 ./Drivers/STM32G0xx_HAL_Driver/stm32g0xx_hal_i2c.o
 .text.I2C_WaitOnFlagUntilTimeout
                0x0800bb70       0xb0 ./Drivers/STM32G0xx_HAL_Driver/stm32g0xx_hal_i2c.o
 .text.I2C_WaitOnTXISFlagUntilTimeout
                0x0800bc20       0x8c ./Drivers/STM32G0xx_HAL_Driver/stm32g0xx_hal_i2c.o
 .text.I2C_WaitOnSTOPFlagUntilTimeout
                0x0800bcac       0x86 ./Drivers/STM32G0xx_HAL_Driver/stm32g0xx_hal_i2c.o
 *fill*         0x0800bd32        0x2 
 .text.I2C_IsErrorOccurred
                0x0800bd34      0x1f0 ./Drivers/STM32G0xx_HAL_Driver/stm32g0xx_hal_i2c.o
 .text.I2C_TransferConfig
                0x0800bf24       0x74 ./Drivers/STM32G0xx_HAL_Driver/stm32g0xx_hal_i2c.o
 .text.HAL_I2CEx_ConfigAnalogFilter
                0x0800bf98       0x98 ./Drivers/STM32G0xx_HAL_Driver/stm32g0xx_hal_i2c_ex.o
                0x0800bf98                HAL_I2CEx_ConfigAnalogFilter
 .text.HAL_I2CEx_ConfigDigitalFilter
                0x0800c030       0x98 ./Drivers/STM32G0xx_HAL_Driver/stm32g0xx_hal_i2c_ex.o
                0x0800c030                HAL_I2CEx_ConfigDigitalFilter
 .text.HAL_PWREx_ControlVoltageScaling
                0x0800c0c8       0x80 ./Drivers/STM32G0xx_HAL_Driver/stm32g0xx_hal_pwr_ex.o
                0x0800c0c8                HAL_PWREx_ControlVoltageScaling
 .text.HAL_RCC_OscConfig
                0x0800c148      0x6c0 ./Drivers/STM32G0xx_HAL_Driver/stm32g0xx_hal_rcc.o
                0x0800c148                HAL_RCC_OscConfig
 .text.HAL_RCC_ClockConfig
                0x0800c808      0x210 ./Drivers/STM32G0xx_HAL_Driver/stm32g0xx_hal_rcc.o
                0x0800c808                HAL_RCC_ClockConfig
 .text.HAL_RCC_GetSysClockFreq
                0x0800ca18      0x104 ./Drivers/STM32G0xx_HAL_Driver/stm32g0xx_hal_rcc.o
                0x0800ca18                HAL_RCC_GetSysClockFreq
 .text.HAL_RCCEx_PeriphCLKConfig
                0x0800cb1c      0x478 ./Drivers/STM32G0xx_HAL_Driver/stm32g0xx_hal_rcc_ex.o
                0x0800cb1c                HAL_RCCEx_PeriphCLKConfig
 .text.HAL_TIM_Base_Init
                0x0800cf94       0xb0 ./Drivers/STM32G0xx_HAL_Driver/stm32g0xx_hal_tim.o
                0x0800cf94                HAL_TIM_Base_Init
 .text.HAL_TIM_PWM_Init
                0x0800d044       0xb0 ./Drivers/STM32G0xx_HAL_Driver/stm32g0xx_hal_tim.o
                0x0800d044                HAL_TIM_PWM_Init
 .text.HAL_TIM_PWM_MspInit
                0x0800d0f4       0x10 ./Drivers/STM32G0xx_HAL_Driver/stm32g0xx_hal_tim.o
                0x0800d0f4                HAL_TIM_PWM_MspInit
 .text.HAL_TIM_PWM_Start
                0x0800d104      0x1e0 ./Drivers/STM32G0xx_HAL_Driver/stm32g0xx_hal_tim.o
                0x0800d104                HAL_TIM_PWM_Start
 .text.HAL_TIM_PWM_ConfigChannel
                0x0800d2e4      0x200 ./Drivers/STM32G0xx_HAL_Driver/stm32g0xx_hal_tim.o
                0x0800d2e4                HAL_TIM_PWM_ConfigChannel
 .text.HAL_TIM_ConfigClockSource
                0x0800d4e4      0x1ac ./Drivers/STM32G0xx_HAL_Driver/stm32g0xx_hal_tim.o
                0x0800d4e4                HAL_TIM_ConfigClockSource
 .text.TIM_Base_SetConfig
                0x0800d690      0x130 ./Drivers/STM32G0xx_HAL_Driver/stm32g0xx_hal_tim.o
                0x0800d690                TIM_Base_SetConfig
 .text.TIM_OC1_SetConfig
                0x0800d7c0      0x114 ./Drivers/STM32G0xx_HAL_Driver/stm32g0xx_hal_tim.o
 .text.TIM_OC2_SetConfig
                0x0800d8d4      0x108 ./Drivers/STM32G0xx_HAL_Driver/stm32g0xx_hal_tim.o
                0x0800d8d4                TIM_OC2_SetConfig
 .text.TIM_OC3_SetConfig
                0x0800d9dc      0x110 ./Drivers/STM32G0xx_HAL_Driver/stm32g0xx_hal_tim.o
 .text.TIM_OC4_SetConfig
                0x0800daec       0xd4 ./Drivers/STM32G0xx_HAL_Driver/stm32g0xx_hal_tim.o
 .text.TIM_OC5_SetConfig
                0x0800dbc0       0xc0 ./Drivers/STM32G0xx_HAL_Driver/stm32g0xx_hal_tim.o
 .text.TIM_OC6_SetConfig
                0x0800dc80       0xc8 ./Drivers/STM32G0xx_HAL_Driver/stm32g0xx_hal_tim.o
 .text.TIM_TI1_ConfigInputStage
                0x0800dd48       0x5c ./Drivers/STM32G0xx_HAL_Driver/stm32g0xx_hal_tim.o
 .text.TIM_TI2_ConfigInputStage
                0x0800dda4       0x64 ./Drivers/STM32G0xx_HAL_Driver/stm32g0xx_hal_tim.o
 .text.TIM_ITRx_SetConfig
                0x0800de08       0x38 ./Drivers/STM32G0xx_HAL_Driver/stm32g0xx_hal_tim.o
 .text.TIM_ETR_SetConfig
                0x0800de40       0x40 ./Drivers/STM32G0xx_HAL_Driver/stm32g0xx_hal_tim.o
                0x0800de40                TIM_ETR_SetConfig
 .text.TIM_CCxChannelCmd
                0x0800de80       0x46 ./Drivers/STM32G0xx_HAL_Driver/stm32g0xx_hal_tim.o
                0x0800de80                TIM_CCxChannelCmd
 *fill*         0x0800dec6        0x2 
 .text.HAL_TIMEx_MasterConfigSynchronization
                0x0800dec8       0xec ./Drivers/STM32G0xx_HAL_Driver/stm32g0xx_hal_tim_ex.o
                0x0800dec8                HAL_TIMEx_MasterConfigSynchronization
 .text.LL_DMA_ConfigTransfer
                0x0800dfb4       0x4c ./Drivers/STM32G0xx_HAL_Driver/stm32g0xx_ll_dma.o
 .text.LL_DMA_SetDataLength
                0x0800e000       0x44 ./Drivers/STM32G0xx_HAL_Driver/stm32g0xx_ll_dma.o
 .text.LL_DMA_SetMemoryAddress
                0x0800e044       0x30 ./Drivers/STM32G0xx_HAL_Driver/stm32g0xx_ll_dma.o
 .text.LL_DMA_SetPeriphAddress
                0x0800e074       0x30 ./Drivers/STM32G0xx_HAL_Driver/stm32g0xx_ll_dma.o
 .text.LL_DMA_SetPeriphRequest
                0x0800e0a4       0x58 ./Drivers/STM32G0xx_HAL_Driver/stm32g0xx_ll_dma.o
 .text.LL_DMA_Init
                0x0800e0fc       0x80 ./Drivers/STM32G0xx_HAL_Driver/stm32g0xx_ll_dma.o
                0x0800e0fc                LL_DMA_Init
 .text.LL_DMA_StructInit
                0x0800e17c       0x52 ./Drivers/STM32G0xx_HAL_Driver/stm32g0xx_ll_dma.o
                0x0800e17c                LL_DMA_StructInit
 .text.LL_GPIO_SetPinMode
                0x0800e1ce       0x38 ./Drivers/STM32G0xx_HAL_Driver/stm32g0xx_ll_gpio.o
 .text.LL_GPIO_SetPinOutputType
                0x0800e206       0x2a ./Drivers/STM32G0xx_HAL_Driver/stm32g0xx_ll_gpio.o
 .text.LL_GPIO_SetPinSpeed
                0x0800e230       0x38 ./Drivers/STM32G0xx_HAL_Driver/stm32g0xx_ll_gpio.o
 .text.LL_GPIO_SetPinPull
                0x0800e268       0x38 ./Drivers/STM32G0xx_HAL_Driver/stm32g0xx_ll_gpio.o
 .text.LL_GPIO_SetAFPin_0_7
                0x0800e2a0       0x46 ./Drivers/STM32G0xx_HAL_Driver/stm32g0xx_ll_gpio.o
 .text.LL_GPIO_SetAFPin_8_15
                0x0800e2e6       0x5a ./Drivers/STM32G0xx_HAL_Driver/stm32g0xx_ll_gpio.o
 .text.LL_GPIO_Init
                0x0800e340       0xb6 ./Drivers/STM32G0xx_HAL_Driver/stm32g0xx_ll_gpio.o
                0x0800e340                LL_GPIO_Init
 .text.LL_UCPD_Disable
                0x0800e3f6       0x1c ./Drivers/STM32G0xx_HAL_Driver/stm32g0xx_ll_ucpd.o
 *fill*         0x0800e412        0x2 
 .text.LL_APB1_GRP1_EnableClock
                0x0800e414       0x2c ./Drivers/STM32G0xx_HAL_Driver/stm32g0xx_ll_ucpd.o
 .text.LL_UCPD_Init
                0x0800e440       0x74 ./Drivers/STM32G0xx_HAL_Driver/stm32g0xx_ll_ucpd.o
                0x0800e440                LL_UCPD_Init
 .text.LL_UCPD_StructInit
                0x0800e4b4       0x2a ./Drivers/STM32G0xx_HAL_Driver/stm32g0xx_ll_ucpd.o
                0x0800e4b4                LL_UCPD_StructInit
 *fill*         0x0800e4de        0x2 
 .text.__NVIC_SetPriority
                0x0800e4e0       0xdc ./Middlewares/FreeRTOS/cmsis_os2.o
 .text.SVC_Setup
                0x0800e5bc       0x16 ./Middlewares/FreeRTOS/cmsis_os2.o
 *fill*         0x0800e5d2        0x2 
 .text.osKernelInitialize
                0x0800e5d4       0x44 ./Middlewares/FreeRTOS/cmsis_os2.o
                0x0800e5d4                osKernelInitialize
 .text.osKernelStart
                0x0800e618       0x4c ./Middlewares/FreeRTOS/cmsis_os2.o
                0x0800e618                osKernelStart
 .text.osKernelGetTickCount
                0x0800e664       0x2e ./Middlewares/FreeRTOS/cmsis_os2.o
                0x0800e664                osKernelGetTickCount
 .text.osKernelGetTickFreq
                0x0800e692        0xe ./Middlewares/FreeRTOS/cmsis_os2.o
                0x0800e692                osKernelGetTickFreq
 .text.osThreadNew
                0x0800e6a0      0x12c ./Middlewares/FreeRTOS/cmsis_os2.o
                0x0800e6a0                osThreadNew
 .text.osThreadGetId
                0x0800e7cc       0x18 ./Middlewares/FreeRTOS/cmsis_os2.o
                0x0800e7cc                osThreadGetId
 .text.osThreadSuspend
                0x0800e7e4       0x44 ./Middlewares/FreeRTOS/cmsis_os2.o
                0x0800e7e4                osThreadSuspend
 .text.osThreadResume
                0x0800e828       0x44 ./Middlewares/FreeRTOS/cmsis_os2.o
                0x0800e828                osThreadResume
 .text.osThreadFlagsSet
                0x0800e86c       0x94 ./Middlewares/FreeRTOS/cmsis_os2.o
                0x0800e86c                osThreadFlagsSet
 .text.osThreadFlagsWait
                0x0800e900      0x100 ./Middlewares/FreeRTOS/cmsis_os2.o
                0x0800e900                osThreadFlagsWait
 .text.osDelay  0x0800ea00       0x38 ./Middlewares/FreeRTOS/cmsis_os2.o
                0x0800ea00                osDelay
 .text.osMessageQueueNew
                0x0800ea38       0xf2 ./Middlewares/FreeRTOS/cmsis_os2.o
                0x0800ea38                osMessageQueueNew
 *fill*         0x0800eb2a        0x2 
 .text.osMessageQueuePut
                0x0800eb2c       0xb8 ./Middlewares/FreeRTOS/cmsis_os2.o
                0x0800eb2c                osMessageQueuePut
 .text.osMessageQueueGet
                0x0800ebe4       0xb4 ./Middlewares/FreeRTOS/cmsis_os2.o
                0x0800ebe4                osMessageQueueGet
 .text.vApplicationGetIdleTaskMemory
                0x0800ec98       0x30 ./Middlewares/FreeRTOS/cmsis_os2.o
                0x0800ec98                vApplicationGetIdleTaskMemory
 .text.vApplicationGetTimerTaskMemory
                0x0800ecc8       0x30 ./Middlewares/FreeRTOS/cmsis_os2.o
                0x0800ecc8                vApplicationGetTimerTaskMemory
 .text.pvPortMalloc
                0x0800ecf8      0x160 ./Middlewares/FreeRTOS/heap_4.o
                0x0800ecf8                pvPortMalloc
 .text.vPortFree
                0x0800ee58       0xa0 ./Middlewares/FreeRTOS/heap_4.o
                0x0800ee58                vPortFree
 .text.prvHeapInit
                0x0800eef8       0xc0 ./Middlewares/FreeRTOS/heap_4.o
 .text.prvInsertBlockIntoFreeList
                0x0800efb8       0xb0 ./Middlewares/FreeRTOS/heap_4.o
 .text.vListInitialise
                0x0800f068       0x3c ./Middlewares/FreeRTOS/list.o
                0x0800f068                vListInitialise
 .text.vListInitialiseItem
                0x0800f0a4       0x16 ./Middlewares/FreeRTOS/list.o
                0x0800f0a4                vListInitialiseItem
 .text.vListInsertEnd
                0x0800f0ba       0x44 ./Middlewares/FreeRTOS/list.o
                0x0800f0ba                vListInsertEnd
 .text.vListInsert
                0x0800f0fe       0x6c ./Middlewares/FreeRTOS/list.o
                0x0800f0fe                vListInsert
 .text.uxListRemove
                0x0800f16a       0x50 ./Middlewares/FreeRTOS/list.o
                0x0800f16a                uxListRemove
 *fill*         0x0800f1ba        0x2 
 .text.pxPortInitialiseStack
                0x0800f1bc       0x54 ./Middlewares/FreeRTOS/port.o
                0x0800f1bc                pxPortInitialiseStack
 .text.prvTaskExitError
                0x0800f210       0x30 ./Middlewares/FreeRTOS/port.o
 .text.SVC_Handler
                0x0800f240        0xa ./Middlewares/FreeRTOS/port.o
                0x0800f240                SVC_Handler
 *fill*         0x0800f24a        0x6 
 .text.vPortStartFirstTask
                0x0800f250       0x38 ./Middlewares/FreeRTOS/port.o
 .text.xPortStartScheduler
                0x0800f288       0x48 ./Middlewares/FreeRTOS/port.o
                0x0800f288                xPortStartScheduler
 .text.vPortYield
                0x0800f2d0       0x20 ./Middlewares/FreeRTOS/port.o
                0x0800f2d0                vPortYield
 .text.vPortEnterCritical
                0x0800f2f0       0x24 ./Middlewares/FreeRTOS/port.o
                0x0800f2f0                vPortEnterCritical
 .text.vPortExitCritical
                0x0800f314       0x30 ./Middlewares/FreeRTOS/port.o
                0x0800f314                vPortExitCritical
 .text.ulSetInterruptMaskFromISR
                0x0800f344        0xc ./Middlewares/FreeRTOS/port.o
                0x0800f344                ulSetInterruptMaskFromISR
 .text.vClearInterruptMaskFromISR
                0x0800f350        0x8 ./Middlewares/FreeRTOS/port.o
                0x0800f350                vClearInterruptMaskFromISR
 *fill*         0x0800f358        0x8 
 .text.PendSV_Handler
                0x0800f360       0x48 ./Middlewares/FreeRTOS/port.o
                0x0800f360                PendSV_Handler
 .text.xPortSysTickHandler
                0x0800f3a8       0x34 ./Middlewares/FreeRTOS/port.o
                0x0800f3a8                xPortSysTickHandler
 .text.vPortSetupTimerInterrupt
                0x0800f3dc       0x44 ./Middlewares/FreeRTOS/port.o
                0x0800f3dc                vPortSetupTimerInterrupt
 .text.xQueueGenericReset
                0x0800f420       0xaa ./Middlewares/FreeRTOS/queue.o
                0x0800f420                xQueueGenericReset
 .text.xQueueGenericCreateStatic
                0x0800f4ca       0xa2 ./Middlewares/FreeRTOS/queue.o
                0x0800f4ca                xQueueGenericCreateStatic
 .text.xQueueGenericCreate
                0x0800f56c       0x66 ./Middlewares/FreeRTOS/queue.o
                0x0800f56c                xQueueGenericCreate
 .text.prvInitialiseNewQueue
                0x0800f5d2       0x4e ./Middlewares/FreeRTOS/queue.o
 .text.xQueueGenericSend
                0x0800f620      0x190 ./Middlewares/FreeRTOS/queue.o
                0x0800f620                xQueueGenericSend
 .text.xQueueGenericSendFromISR
                0x0800f7b0       0xee ./Middlewares/FreeRTOS/queue.o
                0x0800f7b0                xQueueGenericSendFromISR
 .text.xQueueReceive
                0x0800f89e      0x170 ./Middlewares/FreeRTOS/queue.o
                0x0800f89e                xQueueReceive
 .text.xQueueReceiveFromISR
                0x0800fa0e       0xca ./Middlewares/FreeRTOS/queue.o
                0x0800fa0e                xQueueReceiveFromISR
 .text.prvCopyDataToQueue
                0x0800fad8       0xd6 ./Middlewares/FreeRTOS/queue.o
 .text.prvCopyDataFromQueue
                0x0800fbae       0x4c ./Middlewares/FreeRTOS/queue.o
 .text.prvUnlockQueue
                0x0800fbfa       0xbc ./Middlewares/FreeRTOS/queue.o
 .text.prvIsQueueEmpty
                0x0800fcb6       0x2c ./Middlewares/FreeRTOS/queue.o
 .text.prvIsQueueFull
                0x0800fce2       0x30 ./Middlewares/FreeRTOS/queue.o
 *fill*         0x0800fd12        0x2 
 .text.vQueueAddToRegistry
                0x0800fd14       0x50 ./Middlewares/FreeRTOS/queue.o
                0x0800fd14                vQueueAddToRegistry
 .text.vQueueWaitForMessageRestricted
                0x0800fd64       0x66 ./Middlewares/FreeRTOS/queue.o
                0x0800fd64                vQueueWaitForMessageRestricted
 .text.xTaskCreateStatic
                0x0800fdca       0x8e ./Middlewares/FreeRTOS/tasks.o
                0x0800fdca                xTaskCreateStatic
 .text.xTaskCreate
                0x0800fe58       0x98 ./Middlewares/FreeRTOS/tasks.o
                0x0800fe58                xTaskCreate
 .text.prvInitialiseNewTask
                0x0800fef0      0x114 ./Middlewares/FreeRTOS/tasks.o
 .text.prvAddNewTaskToReadyList
                0x08010004       0xd0 ./Middlewares/FreeRTOS/tasks.o
 .text.vTaskDelay
                0x080100d4       0x4c ./Middlewares/FreeRTOS/tasks.o
                0x080100d4                vTaskDelay
 .text.eTaskGetState
                0x08010120       0xdc ./Middlewares/FreeRTOS/tasks.o
                0x08010120                eTaskGetState
 .text.vTaskSuspend
                0x080101fc       0xcc ./Middlewares/FreeRTOS/tasks.o
                0x080101fc                vTaskSuspend
 .text.prvTaskIsTaskSuspended
                0x080102c8       0x50 ./Middlewares/FreeRTOS/tasks.o
 .text.vTaskResume
                0x08010318       0x9c ./Middlewares/FreeRTOS/tasks.o
                0x08010318                vTaskResume
 .text.vTaskStartScheduler
                0x080103b4       0xac ./Middlewares/FreeRTOS/tasks.o
                0x080103b4                vTaskStartScheduler
 .text.vTaskSuspendAll
                0x08010460       0x18 ./Middlewares/FreeRTOS/tasks.o
                0x08010460                vTaskSuspendAll
 .text.xTaskResumeAll
                0x08010478      0x118 ./Middlewares/FreeRTOS/tasks.o
                0x08010478                xTaskResumeAll
 .text.xTaskGetTickCount
                0x08010590       0x1c ./Middlewares/FreeRTOS/tasks.o
                0x08010590                xTaskGetTickCount
 .text.xTaskGetTickCountFromISR
                0x080105ac       0x20 ./Middlewares/FreeRTOS/tasks.o
                0x080105ac                xTaskGetTickCountFromISR
 .text.xTaskIncrementTick
                0x080105cc      0x160 ./Middlewares/FreeRTOS/tasks.o
                0x080105cc                xTaskIncrementTick
 .text.vTaskSwitchContext
                0x0801072c       0xa4 ./Middlewares/FreeRTOS/tasks.o
                0x0801072c                vTaskSwitchContext
 .text.vTaskPlaceOnEventList
                0x080107d0       0x40 ./Middlewares/FreeRTOS/tasks.o
                0x080107d0                vTaskPlaceOnEventList
 .text.vTaskPlaceOnEventListRestricted
                0x08010810       0x50 ./Middlewares/FreeRTOS/tasks.o
                0x08010810                vTaskPlaceOnEventListRestricted
 .text.xTaskRemoveFromEventList
                0x08010860       0xbc ./Middlewares/FreeRTOS/tasks.o
                0x08010860                xTaskRemoveFromEventList
 .text.vTaskInternalSetTimeOutState
                0x0801091c       0x28 ./Middlewares/FreeRTOS/tasks.o
                0x0801091c                vTaskInternalSetTimeOutState
 .text.xTaskCheckForTimeOut
                0x08010944       0xa4 ./Middlewares/FreeRTOS/tasks.o
                0x08010944                xTaskCheckForTimeOut
 .text.vTaskMissedYield
                0x080109e8       0x14 ./Middlewares/FreeRTOS/tasks.o
                0x080109e8                vTaskMissedYield
 .text.prvIdleTask
                0x080109fc       0x20 ./Middlewares/FreeRTOS/tasks.o
 .text.prvInitialiseTaskLists
                0x08010a1c       0x88 ./Middlewares/FreeRTOS/tasks.o
 .text.prvCheckTasksWaitingTermination
                0x08010aa4       0x5c ./Middlewares/FreeRTOS/tasks.o
 .text.prvDeleteTCB
                0x08010b00       0x52 ./Middlewares/FreeRTOS/tasks.o
 *fill*         0x08010b52        0x2 
 .text.prvResetNextTaskUnblockTime
                0x08010b54       0x3c ./Middlewares/FreeRTOS/tasks.o
 .text.xTaskGetCurrentTaskHandle
                0x08010b90       0x1c ./Middlewares/FreeRTOS/tasks.o
                0x08010b90                xTaskGetCurrentTaskHandle
 .text.xTaskGetSchedulerState
                0x08010bac       0x38 ./Middlewares/FreeRTOS/tasks.o
                0x08010bac                xTaskGetSchedulerState
 .text.xTaskPriorityDisinherit
                0x08010be4       0xbc ./Middlewares/FreeRTOS/tasks.o
                0x08010be4                xTaskPriorityDisinherit
 .text.xTaskNotifyWait
                0x08010ca0       0xa8 ./Middlewares/FreeRTOS/tasks.o
                0x08010ca0                xTaskNotifyWait
 .text.xTaskGenericNotify
                0x08010d48      0x12c ./Middlewares/FreeRTOS/tasks.o
                0x08010d48                xTaskGenericNotify
 .text.xTaskGenericNotifyFromISR
                0x08010e74      0x168 ./Middlewares/FreeRTOS/tasks.o
                0x08010e74                xTaskGenericNotifyFromISR
 .text.prvAddCurrentTaskToDelayedList
                0x08010fdc       0xa8 ./Middlewares/FreeRTOS/tasks.o
 .text.xTimerCreateTimerTask
                0x08011084       0x80 ./Middlewares/FreeRTOS/timers.o
                0x08011084                xTimerCreateTimerTask
 .text.xTimerGenericCommand
                0x08011104       0x98 ./Middlewares/FreeRTOS/timers.o
                0x08011104                xTimerGenericCommand
 .text.prvProcessExpiredTimer
                0x0801119c       0x8c ./Middlewares/FreeRTOS/timers.o
 .text.prvTimerTask
                0x08011228       0x2a ./Middlewares/FreeRTOS/timers.o
 *fill*         0x08011252        0x2 
 .text.prvProcessTimerOrBlockTask
                0x08011254       0x90 ./Middlewares/FreeRTOS/timers.o
 .text.prvGetNextExpireTime
                0x080112e4       0x44 ./Middlewares/FreeRTOS/timers.o
 .text.prvSampleTimeNow
                0x08011328       0x40 ./Middlewares/FreeRTOS/timers.o
 .text.prvInsertTimerInActiveList
                0x08011368       0x84 ./Middlewares/FreeRTOS/timers.o
 .text.prvProcessReceivedCommands
                0x080113ec      0x194 ./Middlewares/FreeRTOS/timers.o
 .text.prvSwitchTimerLists
                0x08011580       0xbc ./Middlewares/FreeRTOS/timers.o
 .text.prvCheckForValidListAndQueue
                0x0801163c       0x84 ./Middlewares/FreeRTOS/timers.o
 .text.__NVIC_EnableIRQ
                0x080116c0       0x34 ./Middlewares/USBPD/usbpd_cad_hw_if.o
 .text.__NVIC_SetPriority
                0x080116f4       0xdc ./Middlewares/USBPD/usbpd_cad_hw_if.o
 .text.LL_UCPD_Enable
                0x080117d0       0x1e ./Middlewares/USBPD/usbpd_cad_hw_if.o
 *fill*         0x080117ee        0x2 
 .text.LL_UCPD_SetRxOrderSet
                0x080117f0       0x28 ./Middlewares/USBPD/usbpd_cad_hw_if.o
 .text.LL_UCPD_SetccEnable
                0x08011818       0x28 ./Middlewares/USBPD/usbpd_cad_hw_if.o
 .text.LL_UCPD_EnableIT_TypeCEventCC2
                0x08011840       0x1e ./Middlewares/USBPD/usbpd_cad_hw_if.o
 .text.LL_UCPD_EnableIT_TypeCEventCC1
                0x0801185e       0x1e ./Middlewares/USBPD/usbpd_cad_hw_if.o
 .text.CAD_Init
                0x0801187c      0x1c4 ./Middlewares/USBPD/usbpd_cad_hw_if.o
                0x0801187c                CAD_Init
 .text.CAD_Enter_ErrorRecovery
                0x08011a40       0x54 ./Middlewares/USBPD/usbpd_cad_hw_if.o
                0x08011a40                CAD_Enter_ErrorRecovery
 .text.CAD_SRC_Set_ResistorRp
                0x08011a94       0x80 ./Middlewares/USBPD/usbpd_cad_hw_if.o
                0x08011a94                CAD_SRC_Set_ResistorRp
 .text.CAD_Set_ResistorRp
                0x08011b14       0x26 ./Middlewares/USBPD/usbpd_cad_hw_if.o
                0x08011b14                CAD_Set_ResistorRp
 *fill*         0x08011b3a        0x2 
 .text.CAD_StateMachine_SNK
                0x08011b3c       0x90 ./Middlewares/USBPD/usbpd_cad_hw_if.o
 .text.CAD_StateMachine
                0x08011bcc      0x19c ./Middlewares/USBPD/usbpd_cad_hw_if.o
                0x08011bcc                CAD_StateMachine
 .text.CAD_Check_HW_SNK
                0x08011d68      0x138 ./Middlewares/USBPD/usbpd_cad_hw_if.o
 .text.ManageStateDetached_SNK
                0x08011ea0       0xa4 ./Middlewares/USBPD/usbpd_cad_hw_if.o
 .text.ManageStateAttachedWait_SNK
                0x08011f44      0x11c ./Middlewares/USBPD/usbpd_cad_hw_if.o
 .text.ManageStateAttached_SNK
                0x08012060       0xe4 ./Middlewares/USBPD/usbpd_cad_hw_if.o
 .text.LL_AHB1_GRP1_EnableClock
                0x08012144       0x2c ./Middlewares/USBPD/usbpd_hw.o
 .text.USBPD_HW_GetUSPDInstance
                0x08012170       0x1c ./Middlewares/USBPD/usbpd_hw.o
                0x08012170                USBPD_HW_GetUSPDInstance
 .text.USBPD_HW_Init_DMARxInstance
                0x0801218c       0x8c ./Middlewares/USBPD/usbpd_hw.o
                0x0801218c                USBPD_HW_Init_DMARxInstance
 .text.USBPD_HW_DeInit_DMARxInstance
                0x08012218       0x14 ./Middlewares/USBPD/usbpd_hw.o
                0x08012218                USBPD_HW_DeInit_DMARxInstance
 .text.USBPD_HW_Init_DMATxInstance
                0x0801222c       0x8c ./Middlewares/USBPD/usbpd_hw.o
                0x0801222c                USBPD_HW_Init_DMATxInstance
 .text.USBPD_HW_DeInit_DMATxInstance
                0x080122b8       0x14 ./Middlewares/USBPD/usbpd_hw.o
                0x080122b8                USBPD_HW_DeInit_DMATxInstance
 .text.USBPD_HW_SetFRSSignalling
                0x080122cc       0x1c ./Middlewares/USBPD/usbpd_hw.o
                0x080122cc                USBPD_HW_SetFRSSignalling
 .text.LL_UCPD_ClearFlag_TypeCEventCC2
                0x080122e8       0x1e ./Middlewares/USBPD/usbpd_hw_if_it.o
 .text.LL_UCPD_ClearFlag_TypeCEventCC1
                0x08012306       0x1e ./Middlewares/USBPD/usbpd_hw_if_it.o
 .text.LL_UCPD_ClearFlag_RxMsgEnd
                0x08012324       0x1e ./Middlewares/USBPD/usbpd_hw_if_it.o
 .text.LL_UCPD_ClearFlag_RxOvr
                0x08012342       0x1e ./Middlewares/USBPD/usbpd_hw_if_it.o
 .text.LL_UCPD_ClearFlag_RxHRST
                0x08012360       0x1e ./Middlewares/USBPD/usbpd_hw_if_it.o
 .text.LL_UCPD_ClearFlag_RxOrderSet
                0x0801237e       0x1e ./Middlewares/USBPD/usbpd_hw_if_it.o
 .text.LL_UCPD_ClearFlag_TxUND
                0x0801239c       0x1c ./Middlewares/USBPD/usbpd_hw_if_it.o
 .text.LL_UCPD_ClearFlag_TxHRSTSENT
                0x080123b8       0x1c ./Middlewares/USBPD/usbpd_hw_if_it.o
 .text.LL_UCPD_ClearFlag_TxHRSTDISC
                0x080123d4       0x1c ./Middlewares/USBPD/usbpd_hw_if_it.o
 .text.LL_UCPD_ClearFlag_TxMSGABT
                0x080123f0       0x1c ./Middlewares/USBPD/usbpd_hw_if_it.o
 .text.LL_UCPD_ClearFlag_TxMSGSENT
                0x0801240c       0x1c ./Middlewares/USBPD/usbpd_hw_if_it.o
 .text.LL_UCPD_ClearFlag_TxMSGDISC
                0x08012428       0x1c ./Middlewares/USBPD/usbpd_hw_if_it.o
 .text.USBPD_PORT0_IRQHandler
                0x08012444       0x10 ./Middlewares/USBPD/usbpd_hw_if_it.o
                0x08012444                USBPD_PORT0_IRQHandler
 .text.PORTx_IRQHandler
                0x08012454      0x438 ./Middlewares/USBPD/usbpd_hw_if_it.o
                0x08012454                PORTx_IRQHandler
 .text.USBPD_PHY_Init
                0x0801288c       0xec ./Middlewares/USBPD/usbpd_phy.o
                0x0801288c                USBPD_PHY_Init
 .text.USBPD_PHY_GetRetryTimerValue
                0x08012978       0x1c ./Middlewares/USBPD/usbpd_phy.o
                0x08012978                USBPD_PHY_GetRetryTimerValue
 .text.USBPD_PHY_GetMinGOODCRCTimerValue
                0x08012994       0x16 ./Middlewares/USBPD/usbpd_phy.o
                0x08012994                USBPD_PHY_GetMinGOODCRCTimerValue
 .text.USBPD_PHY_Reset
                0x080129aa       0x14 ./Middlewares/USBPD/usbpd_phy.o
                0x080129aa                USBPD_PHY_Reset
 .text.USBPD_PHY_ResetRequest
                0x080129be       0x2c ./Middlewares/USBPD/usbpd_phy.o
                0x080129be                USBPD_PHY_ResetRequest
 .text.USBPD_PHY_SendMessage
                0x080129ea       0x3e ./Middlewares/USBPD/usbpd_phy.o
                0x080129ea                USBPD_PHY_SendMessage
 .text.USBPD_PHY_Send_BIST_Pattern
                0x08012a28       0x20 ./Middlewares/USBPD/usbpd_phy.o
                0x08012a28                USBPD_PHY_Send_BIST_Pattern
 .text.USBPD_PHY_ExitTransmit
                0x08012a48       0x2e ./Middlewares/USBPD/usbpd_phy.o
                0x08012a48                USBPD_PHY_ExitTransmit
 .text.USBPD_PHY_SetResistor_SinkTxNG
                0x08012a76       0x1e ./Middlewares/USBPD/usbpd_phy.o
                0x08012a76                USBPD_PHY_SetResistor_SinkTxNG
 .text.USBPD_PHY_SetResistor_SinkTxOK
                0x08012a94       0x1e ./Middlewares/USBPD/usbpd_phy.o
                0x08012a94                USBPD_PHY_SetResistor_SinkTxOK
 *fill*         0x08012ab2        0x2 
 .text.USBPD_PHY_SOPSupported
                0x08012ab4       0x2c ./Middlewares/USBPD/usbpd_phy.o
                0x08012ab4                USBPD_PHY_SOPSupported
 .text.USBPD_PHY_IsResistor_SinkTxOk
                0x08012ae0       0x20 ./Middlewares/USBPD/usbpd_phy.o
                0x08012ae0                USBPD_PHY_IsResistor_SinkTxOk
 .text.USBPD_PHY_FastRoleSwapSignalling
                0x08012b00       0x1e ./Middlewares/USBPD/usbpd_phy.o
                0x08012b00                USBPD_PHY_FastRoleSwapSignalling
 .text.USBPD_PHY_EnableRX
                0x08012b1e       0x1e ./Middlewares/USBPD/usbpd_phy.o
                0x08012b1e                USBPD_PHY_EnableRX
 .text.USBPD_PHY_DisableRX
                0x08012b3c       0x1e ./Middlewares/USBPD/usbpd_phy.o
                0x08012b3c                USBPD_PHY_DisableRX
 *fill*         0x08012b5a        0x2 
 .text.PHY_Rx_Completed
                0x08012b5c       0xd8 ./Middlewares/USBPD/usbpd_phy.o
                0x08012b5c                PHY_Rx_Completed
 .text.LL_AHB1_GRP1_EnableClock
                0x08012c34       0x2c ./Middlewares/USBPD/usbpd_phy_hw_if.o
 .text.LL_APB1_GRP1_EnableClock
                0x08012c60       0x2c ./Middlewares/USBPD/usbpd_phy_hw_if.o
 .text.LL_APB2_GRP1_EnableClock
                0x08012c8c       0x2c ./Middlewares/USBPD/usbpd_phy_hw_if.o
 .text.LL_UCPD_Enable
                0x08012cb8       0x1e ./Middlewares/USBPD/usbpd_phy_hw_if.o
 .text.LL_UCPD_Disable
                0x08012cd6       0x1c ./Middlewares/USBPD/usbpd_phy_hw_if.o
 *fill*         0x08012cf2        0x2 
 .text.LL_UCPD_TypeCDetectionCC2Enable
                0x08012cf4       0x20 ./Middlewares/USBPD/usbpd_phy_hw_if.o
 .text.LL_UCPD_TypeCDetectionCC2Disable
                0x08012d14       0x1e ./Middlewares/USBPD/usbpd_phy_hw_if.o
 *fill*         0x08012d32        0x2 
 .text.LL_UCPD_TypeCDetectionCC1Enable
                0x08012d34       0x20 ./Middlewares/USBPD/usbpd_phy_hw_if.o
 .text.LL_UCPD_TypeCDetectionCC1Disable
                0x08012d54       0x1e ./Middlewares/USBPD/usbpd_phy_hw_if.o
 .text.LL_UCPD_SignalFRSTX
                0x08012d72       0x1e ./Middlewares/USBPD/usbpd_phy_hw_if.o
 .text.LL_UCPD_FRSDetectionEnable
                0x08012d90       0x1e ./Middlewares/USBPD/usbpd_phy_hw_if.o
 *fill*         0x08012dae        0x2 
 .text.LL_UCPD_FRSDetectionDisable
                0x08012db0       0x20 ./Middlewares/USBPD/usbpd_phy_hw_if.o
 .text.LL_UCPD_SetccEnable
                0x08012dd0       0x28 ./Middlewares/USBPD/usbpd_phy_hw_if.o
 .text.LL_UCPD_SetSNKRole
                0x08012df8       0x1e ./Middlewares/USBPD/usbpd_phy_hw_if.o
 *fill*         0x08012e16        0x2 
 .text.LL_UCPD_SetSRCRole
                0x08012e18       0x20 ./Middlewares/USBPD/usbpd_phy_hw_if.o
 .text.LL_UCPD_SetRpResistor
                0x08012e38       0x28 ./Middlewares/USBPD/usbpd_phy_hw_if.o
 .text.LL_UCPD_SetCCPin
                0x08012e60       0x24 ./Middlewares/USBPD/usbpd_phy_hw_if.o
 .text.LL_UCPD_RxEnable
                0x08012e84       0x1c ./Middlewares/USBPD/usbpd_phy_hw_if.o
 .text.LL_UCPD_RxDisable
                0x08012ea0       0x1e ./Middlewares/USBPD/usbpd_phy_hw_if.o
 .text.LL_UCPD_SetRxMode
                0x08012ebe       0x24 ./Middlewares/USBPD/usbpd_phy_hw_if.o
 .text.LL_UCPD_SendHardReset
                0x08012ee2       0x1c ./Middlewares/USBPD/usbpd_phy_hw_if.o
 .text.LL_UCPD_SendMessage
                0x08012efe       0x1c ./Middlewares/USBPD/usbpd_phy_hw_if.o
 .text.LL_UCPD_SetTxMode
                0x08012f1a       0x24 ./Middlewares/USBPD/usbpd_phy_hw_if.o
 .text.LL_UCPD_RxDMAEnable
                0x08012f3e       0x1e ./Middlewares/USBPD/usbpd_phy_hw_if.o
 .text.LL_UCPD_RxDMADisable
                0x08012f5c       0x20 ./Middlewares/USBPD/usbpd_phy_hw_if.o
 .text.LL_UCPD_TxDMAEnable
                0x08012f7c       0x1e ./Middlewares/USBPD/usbpd_phy_hw_if.o
 *fill*         0x08012f9a        0x2 
 .text.LL_UCPD_TxDMADisable
                0x08012f9c       0x20 ./Middlewares/USBPD/usbpd_phy_hw_if.o
 .text.LL_UCPD_WriteTxOrderSet
                0x08012fbc       0x18 ./Middlewares/USBPD/usbpd_phy_hw_if.o
 .text.LL_UCPD_WriteTxPaySize
                0x08012fd4       0x18 ./Middlewares/USBPD/usbpd_phy_hw_if.o
 .text.USBPD_HW_IF_GlobalHwInit
                0x08012fec       0x1e ./Middlewares/USBPD/usbpd_phy_hw_if.o
                0x08012fec                USBPD_HW_IF_GlobalHwInit
 *fill*         0x0801300a        0x2 
 .text.USBPD_HW_IF_StopBISTMode2
                0x0801300c       0x70 ./Middlewares/USBPD/usbpd_phy_hw_if.o
                0x0801300c                USBPD_HW_IF_StopBISTMode2
 .text.USBPD_HW_IF_SendBuffer
                0x0801307c      0x2bc ./Middlewares/USBPD/usbpd_phy_hw_if.o
                0x0801307c                USBPD_HW_IF_SendBuffer
 .text.USBPD_HW_IF_Send_BIST_Pattern
                0x08013338       0x48 ./Middlewares/USBPD/usbpd_phy_hw_if.o
                0x08013338                USBPD_HW_IF_Send_BIST_Pattern
 .text.USBPDM1_AssertRp
                0x08013380      0x170 ./Middlewares/USBPD/usbpd_phy_hw_if.o
                0x08013380                USBPDM1_AssertRp
 .text.USBPDM1_DeAssertRp
                0x080134f0       0x14 ./Middlewares/USBPD/usbpd_phy_hw_if.o
                0x080134f0                USBPDM1_DeAssertRp
 .text.USBPDM1_AssertRd
                0x08013504      0x14c ./Middlewares/USBPD/usbpd_phy_hw_if.o
                0x08013504                USBPDM1_AssertRd
 .text.USBPDM1_DeAssertRd
                0x08013650       0x14 ./Middlewares/USBPD/usbpd_phy_hw_if.o
                0x08013650                USBPDM1_DeAssertRd
 .text.USBPDM1_EnterErrorRecovery
                0x08013664       0xe4 ./Middlewares/USBPD/usbpd_phy_hw_if.o
                0x08013664                USBPDM1_EnterErrorRecovery
 .text.USBPD_HW_IF_EnableRX
                0x08013748       0x30 ./Middlewares/USBPD/usbpd_phy_hw_if.o
                0x08013748                USBPD_HW_IF_EnableRX
 .text.USBPD_HW_IF_DisableRX
                0x08013778       0x30 ./Middlewares/USBPD/usbpd_phy_hw_if.o
                0x08013778                USBPD_HW_IF_DisableRX
 .text.HW_SignalAttachement
                0x080137a8      0x2c4 ./Middlewares/USBPD/usbpd_phy_hw_if.o
                0x080137a8                HW_SignalAttachement
 .text.HW_SignalDetachment
                0x08013a6c      0x11c ./Middlewares/USBPD/usbpd_phy_hw_if.o
                0x08013a6c                HW_SignalDetachment
 .text.USBPD_HW_IF_SetResistor_SinkTxNG
                0x08013b88       0x34 ./Middlewares/USBPD/usbpd_phy_hw_if.o
                0x08013b88                USBPD_HW_IF_SetResistor_SinkTxNG
 .text.USBPD_HW_IF_SetResistor_SinkTxOK
                0x08013bbc       0x34 ./Middlewares/USBPD/usbpd_phy_hw_if.o
                0x08013bbc                USBPD_HW_IF_SetResistor_SinkTxOK
 .text.USBPD_HW_IF_IsResistor_SinkTxOk
                0x08013bf0       0x88 ./Middlewares/USBPD/usbpd_phy_hw_if.o
                0x08013bf0                USBPD_HW_IF_IsResistor_SinkTxOk
 .text.USBPD_HW_IF_FastRoleSwapSignalling
                0x08013c78       0x30 ./Middlewares/USBPD/usbpd_phy_hw_if.o
                0x08013c78                USBPD_HW_IF_FastRoleSwapSignalling
 .text.HW_IF_PWR_GetVoltage
                0x08013ca8       0x28 ./Middlewares/USBPD/usbpd_pwr_hw_if.o
                0x08013ca8                HW_IF_PWR_GetVoltage
 .text.LL_APB2_GRP1_EnableClock
                0x08013cd0       0x2c ./Middlewares/USBPD/usbpd_timersserver.o
 .text.LL_APB2_GRP1_DisableClock
                0x08013cfc       0x24 ./Middlewares/USBPD/usbpd_timersserver.o
 .text.LL_TIM_EnableCounter
                0x08013d20       0x1c ./Middlewares/USBPD/usbpd_timersserver.o
 .text.LL_TIM_SetCounterMode
                0x08013d3c       0x24 ./Middlewares/USBPD/usbpd_timersserver.o
 .text.LL_TIM_SetPrescaler
                0x08013d60       0x18 ./Middlewares/USBPD/usbpd_timersserver.o
 .text.LL_TIM_GetPrescaler
                0x08013d78       0x14 ./Middlewares/USBPD/usbpd_timersserver.o
 .text.LL_TIM_SetAutoReload
                0x08013d8c       0x18 ./Middlewares/USBPD/usbpd_timersserver.o
 .text.LL_TIM_OC_SetMode
                0x08013da4       0xc4 ./Middlewares/USBPD/usbpd_timersserver.o
 .text.LL_TIM_OC_SetPolarity
                0x08013e68       0xac ./Middlewares/USBPD/usbpd_timersserver.o
 .text.LL_TIM_OC_SetCompareCH1
                0x08013f14       0x18 ./Middlewares/USBPD/usbpd_timersserver.o
 .text.LL_TIM_OC_SetCompareCH2
                0x08013f2c       0x18 ./Middlewares/USBPD/usbpd_timersserver.o
 .text.LL_TIM_OC_SetCompareCH3
                0x08013f44       0x18 ./Middlewares/USBPD/usbpd_timersserver.o
 .text.LL_TIM_OC_SetCompareCH4
                0x08013f5c       0x18 ./Middlewares/USBPD/usbpd_timersserver.o
 .text.LL_TIM_ClearFlag_CC1
                0x08013f74       0x18 ./Middlewares/USBPD/usbpd_timersserver.o
 .text.LL_TIM_IsActiveFlag_CC1
                0x08013f8c       0x22 ./Middlewares/USBPD/usbpd_timersserver.o
 .text.LL_TIM_ClearFlag_CC2
                0x08013fae       0x18 ./Middlewares/USBPD/usbpd_timersserver.o
 .text.LL_TIM_IsActiveFlag_CC2
                0x08013fc6       0x22 ./Middlewares/USBPD/usbpd_timersserver.o
 .text.LL_TIM_ClearFlag_CC3
                0x08013fe8       0x18 ./Middlewares/USBPD/usbpd_timersserver.o
 .text.LL_TIM_IsActiveFlag_CC3
                0x08014000       0x22 ./Middlewares/USBPD/usbpd_timersserver.o
 .text.LL_TIM_ClearFlag_CC4
                0x08014022       0x18 ./Middlewares/USBPD/usbpd_timersserver.o
 .text.LL_TIM_IsActiveFlag_CC4
                0x0801403a       0x22 ./Middlewares/USBPD/usbpd_timersserver.o
 .text.USBPD_TIM_Init
                0x0801405c      0x140 ./Middlewares/USBPD/usbpd_timersserver.o
                0x0801405c                USBPD_TIM_Init
 .text.USBPD_TIM_DeInit
                0x0801419c       0x34 ./Middlewares/USBPD/usbpd_timersserver.o
                0x0801419c                USBPD_TIM_DeInit
 .text.USBPD_TIM_Start
                0x080141d0       0xdc ./Middlewares/USBPD/usbpd_timersserver.o
                0x080141d0                USBPD_TIM_Start
 .text.USBPD_TIM_IsExpired
                0x080142ac       0x74 ./Middlewares/USBPD/usbpd_timersserver.o
                0x080142ac                USBPD_TIM_IsExpired
 .text.MX_USBPD_Init
                0x08014320       0x36 ./USBPD/App/usbpd.o
                0x08014320                MX_USBPD_Init
 *fill*         0x08014356        0x2 
 .text.USBPD_DPM_InitCore
                0x08014358      0x1ac ./USBPD/App/usbpd_dpm_core.o
                0x08014358                USBPD_DPM_InitCore
 .text.USBPD_DPM_InitOS
                0x08014504      0x104 ./USBPD/App/usbpd_dpm_core.o
                0x08014504                USBPD_DPM_InitOS
 .text.USBPD_DPM_TimerCounter
                0x08014608       0x30 ./USBPD/App/usbpd_dpm_core.o
                0x08014608                USBPD_DPM_TimerCounter
 .text.USBPD_PE_TaskWakeUp
                0x08014638       0x38 ./USBPD/App/usbpd_dpm_core.o
 .text.USBPD_DPM_CADTaskWakeUp
                0x08014670       0x28 ./USBPD/App/usbpd_dpm_core.o
 .text.USBPD_PE_Task
                0x08014698       0x64 ./USBPD/App/usbpd_dpm_core.o
                0x08014698                USBPD_PE_Task
 .text.USBPD_CAD_Task
                0x080146fc       0x28 ./USBPD/App/usbpd_dpm_core.o
                0x080146fc                USBPD_CAD_Task
 .text.USBPD_DPM_CADCallback
                0x08014724      0x114 ./USBPD/App/usbpd_dpm_core.o
                0x08014724                USBPD_DPM_CADCallback
 .text.DPM_StartPETask
                0x08014838       0x50 ./USBPD/App/usbpd_dpm_core.o
 .text.USBPD_DPM_ErrorHandler
                0x08014888        0x8 ./USBPD/App/usbpd_dpm_core.o
                0x08014888                USBPD_DPM_ErrorHandler
 .text.USBPD_PWR_IF_SupplyReady
                0x08014890       0x7c ./USBPD/App/usbpd_pwr_if.o
                0x08014890                USBPD_PWR_IF_SupplyReady
 .text.USBPD_PWR_IF_GetPortPDOs
                0x0801490c       0x38 ./USBPD/App/usbpd_pwr_if.o
                0x0801490c                USBPD_PWR_IF_GetPortPDOs
 .text.USBPD_PWR_IF_GetVBUSStatus
                0x08014944       0x98 ./USBPD/App/usbpd_pwr_if.o
                0x08014944                USBPD_PWR_IF_GetVBUSStatus
 .text.USBPD_DPM_UserInit
                0x080149dc       0x12 ./USBPD/Target/usbpd_dpm_user.o
                0x080149dc                USBPD_DPM_UserInit
 .text.USBPD_DPM_UserCableDetection
                0x080149ee       0x24 ./USBPD/Target/usbpd_dpm_user.o
                0x080149ee                USBPD_DPM_UserCableDetection
 .text.USBPD_DPM_UserTimerCounter
                0x08014a12       0x14 ./USBPD/Target/usbpd_dpm_user.o
                0x08014a12                USBPD_DPM_UserTimerCounter
 .text.USBPD_DPM_Notification
                0x08014a26       0x1c ./USBPD/Target/usbpd_dpm_user.o
                0x08014a26                USBPD_DPM_Notification
 .text.USBPD_DPM_HardReset
                0x08014a42       0x1e ./USBPD/Target/usbpd_dpm_user.o
                0x08014a42                USBPD_DPM_HardReset
 .text.USBPD_DPM_GetDataInfo
                0x08014a60       0x4c ./USBPD/Target/usbpd_dpm_user.o
                0x08014a60                USBPD_DPM_GetDataInfo
 .text.USBPD_DPM_SetDataInfo
                0x08014aac       0x3c ./USBPD/Target/usbpd_dpm_user.o
                0x08014aac                USBPD_DPM_SetDataInfo
 .text.USBPD_DPM_SNK_EvaluateCapabilities
                0x08014ae8       0x28 ./USBPD/Target/usbpd_dpm_user.o
                0x08014ae8                USBPD_DPM_SNK_EvaluateCapabilities
 .text.USBPD_DPM_ExtendedMessageReceived
                0x08014b10       0x28 ./USBPD/Target/usbpd_dpm_user.o
                0x08014b10                USBPD_DPM_ExtendedMessageReceived
 .text.USBPD_DPM_EnterErrorRecovery
                0x08014b38       0x1e ./USBPD/Target/usbpd_dpm_user.o
                0x08014b38                USBPD_DPM_EnterErrorRecovery
 *fill*         0x08014b56        0x2 
 .text.USBPD_DPM_EvaluateDataRoleSwap
                0x08014b58       0xd4 ./USBPD/Target/usbpd_dpm_user.o
                0x08014b58                USBPD_DPM_EvaluateDataRoleSwap
 .text.USBPD_DPM_IsPowerReady
                0x08014c2c       0x32 ./USBPD/Target/usbpd_dpm_user.o
                0x08014c2c                USBPD_DPM_IsPowerReady
 .text.BSP_USBPD_PWR_Init
                0x08014c5e       0x22 ./USBPD/Target/usbpd_pwr_user.o
                0x08014c5e                BSP_USBPD_PWR_Init
 .text.BSP_USBPD_PWR_VBUSInit
                0x08014c80       0x22 ./USBPD/Target/usbpd_pwr_user.o
                0x08014c80                BSP_USBPD_PWR_VBUSInit
 .text.BSP_USBPD_PWR_VBUSDeInit
                0x08014ca2       0x24 ./USBPD/Target/usbpd_pwr_user.o
                0x08014ca2                BSP_USBPD_PWR_VBUSDeInit
 .text.BSP_USBPD_PWR_VBUSGetVoltage
                0x08014cc6       0x20 ./USBPD/Target/usbpd_pwr_user.o
                0x08014cc6                BSP_USBPD_PWR_VBUSGetVoltage
 .text.USBPD_VDM_DiscoverIdentity
                0x08014ce6       0x26 ./USBPD/Target/usbpd_vdm_user.o
 .text.USBPD_VDM_DiscoverSVIDs
                0x08014d0c       0x2a ./USBPD/Target/usbpd_vdm_user.o
 .text.USBPD_VDM_DiscoverModes
                0x08014d36       0x36 ./USBPD/Target/usbpd_vdm_user.o
 .text.USBPD_VDM_ModeEnter
                0x08014d6c       0x2e ./USBPD/Target/usbpd_vdm_user.o
 .text.USBPD_VDM_ModeExit
                0x08014d9a       0x1e ./USBPD/Target/usbpd_vdm_user.o
 .text.USBPD_VDM_SendAttention
                0x08014db8       0x1a ./USBPD/Target/usbpd_vdm_user.o
 .text.USBPD_VDM_ReceiveAttention
                0x08014dd2       0x1c ./USBPD/Target/usbpd_vdm_user.o
 .text.USBPD_VDM_ReceiveSpecific
                0x08014dee       0x2e ./USBPD/Target/usbpd_vdm_user.o
 .text.USBPD_VDM_InformIdentity
                0x08014e1c       0x4a ./USBPD/Target/usbpd_vdm_user.o
 .text.USBPD_VDM_InformSVID
                0x08014e66       0x4a ./USBPD/Target/usbpd_vdm_user.o
 .text.USBPD_VDM_InformMode
                0x08014eb0       0x4a ./USBPD/Target/usbpd_vdm_user.o
 .text.USBPD_VDM_InformModeEnter
                0x08014efa       0x50 ./USBPD/Target/usbpd_vdm_user.o
 .text.USBPD_VDM_InformModeExit
                0x08014f4a       0x50 ./USBPD/Target/usbpd_vdm_user.o
 .text.USBPD_VDM_SendSpecific
                0x08014f9a       0x22 ./USBPD/Target/usbpd_vdm_user.o
 .text.USBPD_VDM_InformSpecific
                0x08014fbc       0x22 ./USBPD/Target/usbpd_vdm_user.o
 .text.USBPD_VDM_SendUVDM
                0x08014fde       0x1c ./USBPD/Target/usbpd_vdm_user.o
 .text.USBPD_VDM_ReceiveUVDM
                0x08014ffa       0x1e ./USBPD/Target/usbpd_vdm_user.o
 .text.USBPD_VDM_UserInit
                0x08015018       0x28 ./USBPD/Target/usbpd_vdm_user.o
                0x08015018                USBPD_VDM_UserInit
 .text.malloc   0x08015040       0x14 /opt/stm32cubeide/plugins/com.st.stm32cube.ide.mcu.externaltools.gnu-tools-for-stm32.13.3.rel1.linux64_1.0.0.202410170706/tools/bin/../lib/gcc/arm-none-eabi/13.3.1/../../../../arm-none-eabi/lib/thumb/v6-m/nofp/libc_nano.a(libc_a-malloc.o)
                0x08015040                malloc
 .text.free     0x08015054       0x14 /opt/stm32cubeide/plugins/com.st.stm32cube.ide.mcu.externaltools.gnu-tools-for-stm32.13.3.rel1.linux64_1.0.0.202410170706/tools/bin/../lib/gcc/arm-none-eabi/13.3.1/../../../../arm-none-eabi/lib/thumb/v6-m/nofp/libc_nano.a(libc_a-malloc.o)
                0x08015054                free
 .text.sbrk_aligned
                0x08015068       0x44 /opt/stm32cubeide/plugins/com.st.stm32cube.ide.mcu.externaltools.gnu-tools-for-stm32.13.3.rel1.linux64_1.0.0.202410170706/tools/bin/../lib/gcc/arm-none-eabi/13.3.1/../../../../arm-none-eabi/lib/thumb/v6-m/nofp/libc_nano.a(libc_a-mallocr.o)
 .text._malloc_r
                0x080150ac      0x100 /opt/stm32cubeide/plugins/com.st.stm32cube.ide.mcu.externaltools.gnu-tools-for-stm32.13.3.rel1.linux64_1.0.0.202410170706/tools/bin/../lib/gcc/arm-none-eabi/13.3.1/../../../../arm-none-eabi/lib/thumb/v6-m/nofp/libc_nano.a(libc_a-mallocr.o)
                0x080150ac                _malloc_r
 .text.__malloc_lock
                0x080151ac       0x10 /opt/stm32cubeide/plugins/com.st.stm32cube.ide.mcu.externaltools.gnu-tools-for-stm32.13.3.rel1.linux64_1.0.0.202410170706/tools/bin/../lib/gcc/arm-none-eabi/13.3.1/../../../../arm-none-eabi/lib/thumb/v6-m/nofp/libc_nano.a(libc_a-mlock.o)
                0x080151ac                __malloc_lock
 .text.__malloc_unlock
                0x080151bc       0x10 /opt/stm32cubeide/plugins/com.st.stm32cube.ide.mcu.externaltools.gnu-tools-for-stm32.13.3.rel1.linux64_1.0.0.202410170706/tools/bin/../lib/gcc/arm-none-eabi/13.3.1/../../../../arm-none-eabi/lib/thumb/v6-m/nofp/libc_nano.a(libc_a-mlock.o)
                0x080151bc                __malloc_unlock
 .text.memset   0x080151cc       0x10 /opt/stm32cubeide/plugins/com.st.stm32cube.ide.mcu.externaltools.gnu-tools-for-stm32.13.3.rel1.linux64_1.0.0.202410170706/tools/bin/../lib/gcc/arm-none-eabi/13.3.1/../../../../arm-none-eabi/lib/thumb/v6-m/nofp/libc_nano.a(libc_a-memset.o)
                0x080151cc                memset
 .text._sbrk_r  0x080151dc       0x24 /opt/stm32cubeide/plugins/com.st.stm32cube.ide.mcu.externaltools.gnu-tools-for-stm32.13.3.rel1.linux64_1.0.0.202410170706/tools/bin/../lib/gcc/arm-none-eabi/13.3.1/../../../../arm-none-eabi/lib/thumb/v6-m/nofp/libc_nano.a(libc_a-sbrkr.o)
                0x080151dc                _sbrk_r
 .text.__errno  0x08015200        0xc /opt/stm32cubeide/plugins/com.st.stm32cube.ide.mcu.externaltools.gnu-tools-for-stm32.13.3.rel1.linux64_1.0.0.202410170706/tools/bin/../lib/gcc/arm-none-eabi/13.3.1/../../../../arm-none-eabi/lib/thumb/v6-m/nofp/libc_nano.a(libc_a-errno.o)
                0x08015200                __errno
 .text.__libc_init_array
                0x0801520c       0x48 /opt/stm32cubeide/plugins/com.st.stm32cube.ide.mcu.externaltools.gnu-tools-for-stm32.13.3.rel1.linux64_1.0.0.202410170706/tools/bin/../lib/gcc/arm-none-eabi/13.3.1/../../../../arm-none-eabi/lib/thumb/v6-m/nofp/libc_nano.a(libc_a-init.o)
                0x0801520c                __libc_init_array
 .text.__retarget_lock_acquire_recursive
                0x08015254        0x2 /opt/stm32cubeide/plugins/com.st.stm32cube.ide.mcu.externaltools.gnu-tools-for-stm32.13.3.rel1.linux64_1.0.0.202410170706/tools/bin/../lib/gcc/arm-none-eabi/13.3.1/../../../../arm-none-eabi/lib/thumb/v6-m/nofp/libc_nano.a(libc_a-lock.o)
                0x08015254                __retarget_lock_acquire_recursive
 .text.__retarget_lock_release_recursive
                0x08015256        0x2 /opt/stm32cubeide/plugins/com.st.stm32cube.ide.mcu.externaltools.gnu-tools-for-stm32.13.3.rel1.linux64_1.0.0.202410170706/tools/bin/../lib/gcc/arm-none-eabi/13.3.1/../../../../arm-none-eabi/lib/thumb/v6-m/nofp/libc_nano.a(libc_a-lock.o)
                0x08015256                __retarget_lock_release_recursive
 .text.__aeabi_memcpy
                0x08015258        0x8 /opt/stm32cubeide/plugins/com.st.stm32cube.ide.mcu.externaltools.gnu-tools-for-stm32.13.3.rel1.linux64_1.0.0.202410170706/tools/bin/../lib/gcc/arm-none-eabi/13.3.1/../../../../arm-none-eabi/lib/thumb/v6-m/nofp/libc_nano.a(libc_a-aeabi_memcpy.o)
                0x08015258                __aeabi_memcpy
                0x08015258                __aeabi_memcpy4
                0x08015258                __aeabi_memcpy8
 .text.__aeabi_memset
                0x08015260        0xe /opt/stm32cubeide/plugins/com.st.stm32cube.ide.mcu.externaltools.gnu-tools-for-stm32.13.3.rel1.linux64_1.0.0.202410170706/tools/bin/../lib/gcc/arm-none-eabi/13.3.1/../../../../arm-none-eabi/lib/thumb/v6-m/nofp/libc_nano.a(libc_a-aeabi_memset.o)
                0x08015260                __aeabi_memset
                0x08015260                __aeabi_memset8
                0x08015260                __aeabi_memset4
 .text.__aeabi_memclr
                0x0801526e        0xa /opt/stm32cubeide/plugins/com.st.stm32cube.ide.mcu.externaltools.gnu-tools-for-stm32.13.3.rel1.linux64_1.0.0.202410170706/tools/bin/../lib/gcc/arm-none-eabi/13.3.1/../../../../arm-none-eabi/lib/thumb/v6-m/nofp/libc_nano.a(libc_a-aeabi_memclr.o)
                0x0801526e                __aeabi_memclr8
                0x0801526e                __aeabi_memclr
                0x0801526e                __aeabi_memclr4
 .text.memcpy   0x08015278       0x12 /opt/stm32cubeide/plugins/com.st.stm32cube.ide.mcu.externaltools.gnu-tools-for-stm32.13.3.rel1.linux64_1.0.0.202410170706/tools/bin/../lib/gcc/arm-none-eabi/13.3.1/../../../../arm-none-eabi/lib/thumb/v6-m/nofp/libc_nano.a(libc_a-memcpy-stub.o)
                0x08015278                memcpy
 *fill*         0x0801528a        0x2 
 .text._free_r  0x0801528c       0x94 /opt/stm32cubeide/plugins/com.st.stm32cube.ide.mcu.externaltools.gnu-tools-for-stm32.13.3.rel1.linux64_1.0.0.202410170706/tools/bin/../lib/gcc/arm-none-eabi/13.3.1/../../../../arm-none-eabi/lib/thumb/v6-m/nofp/libc_nano.a(libc_a-freer.o)
                0x0801528c                _free_r
 *(.glue_7)
 .glue_7        0x08015320        0x0 linker stubs
 *(.glue_7t)
 .glue_7t       0x08015320        0x0 linker stubs
 *(.eh_frame)
 .eh_frame      0x08015320        0x0 /opt/stm32cubeide/plugins/com.st.stm32cube.ide.mcu.externaltools.gnu-tools-for-stm32.13.3.rel1.linux64_1.0.0.202410170706/tools/bin/../lib/gcc/arm-none-eabi/13.3.1/thumb/v6-m/nofp/crtbegin.o
 *(.init)
 .init          0x08015320        0x4 /opt/stm32cubeide/plugins/com.st.stm32cube.ide.mcu.externaltools.gnu-tools-for-stm32.13.3.rel1.linux64_1.0.0.202410170706/tools/bin/../lib/gcc/arm-none-eabi/13.3.1/thumb/v6-m/nofp/crti.o
                0x08015320                _init
 .init          0x08015324        0x8 /opt/stm32cubeide/plugins/com.st.stm32cube.ide.mcu.externaltools.gnu-tools-for-stm32.13.3.rel1.linux64_1.0.0.202410170706/tools/bin/../lib/gcc/arm-none-eabi/13.3.1/thumb/v6-m/nofp/crtn.o
 *(.fini)
 .fini          0x0801532c        0x4 /opt/stm32cubeide/plugins/com.st.stm32cube.ide.mcu.externaltools.gnu-tools-for-stm32.13.3.rel1.linux64_1.0.0.202410170706/tools/bin/../lib/gcc/arm-none-eabi/13.3.1/thumb/v6-m/nofp/crti.o
                0x0801532c                _fini
 .fini          0x08015330        0x8 /opt/stm32cubeide/plugins/com.st.stm32cube.ide.mcu.externaltools.gnu-tools-for-stm32.13.3.rel1.linux64_1.0.0.202410170706/tools/bin/../lib/gcc/arm-none-eabi/13.3.1/thumb/v6-m/nofp/crtn.o
                0x08015338                        . = ALIGN (0x4)
                0x08015338                        _etext = .

.vfp11_veneer   0x08015338        0x0
 .vfp11_veneer  0x08015338        0x0 linker stubs

.v4_bx          0x08015338        0x0
 .v4_bx         0x08015338        0x0 linker stubs

.iplt           0x08015338        0x0
 .iplt          0x08015338        0x0 /opt/stm32cubeide/plugins/com.st.stm32cube.ide.mcu.externaltools.gnu-tools-for-stm32.13.3.rel1.linux64_1.0.0.202410170706/tools/bin/../lib/gcc/arm-none-eabi/13.3.1/thumb/v6-m/nofp/crtbegin.o

.rodata         0x08015338      0x25c
                0x08015338                        . = ALIGN (0x4)
 *(.rodata)
 .rodata        0x08015338        0xa ./Core/Src/i2c_comms.o
 *fill*         0x08015342        0x2 
 .rodata        0x08015344        0xc ./Core/Src/main.o
 .rodata        0x08015350        0x5 ./Middlewares/FreeRTOS/tasks.o
 *fill*         0x08015355        0x3 
 .rodata        0x08015358        0xd ./Middlewares/FreeRTOS/timers.o
 *fill*         0x08015365        0x3 
 .rodata        0x08015368        0x6 ./Middlewares/USBPD/usbpd_phy.o
 *fill*         0x0801536e        0x2 
 .rodata        0x08015370        0x9 ./USBPD/App/usbpd_dpm_core.o
 *fill*         0x08015379        0x3 
 .rodata        0x0801537c       0x4c /home/jakub/STM32Cube/Repository/STM32Cube_FW_G0_V1.6.2/Middlewares/ST/STM32_USBPD_Library/Core/lib/USBPDCORE_PD3_FULL_CM0PLUS_wc32.a(usbpd_pe.o)
 .rodata        0x080153c8        0x2 /home/jakub/STM32Cube/Repository/STM32Cube_FW_G0_V1.6.2/Middlewares/ST/STM32_USBPD_Library/Core/lib/USBPDCORE_PD3_FULL_CM0PLUS_wc32.a(usbpd_prl.o)
 *(.rodata*)
 *fill*         0x080153ca        0x2 
 .rodata.I2C_Task_attr
                0x080153cc       0x24 ./Core/Src/i2c_comms.o
                0x080153cc                I2C_Task_attr
 .rodata.CHANNEL_OFFSET_TAB
                0x080153f0        0x7 ./Core/Src/main.o
 *fill*         0x080153f7        0x1 
 .rodata.defaultTask_attributes